Archive member included because of file (symbol)

/home/bryanmtdt/Documents/git/SelfieOverTable/Boton/Release/arduino.ar(variant.cpp.o)
                              ./libraries/Adafruit_NeoPixel/Adafruit_NeoPixel.cpp.o (g_APinDescription)
/home/bryanmtdt/Documents/git/SelfieOverTable/Boton/Release/arduino.ar(SERCOM.cpp.o)
                              /home/bryanmtdt/Documents/git/SelfieOverTable/Boton/Release/arduino.ar(variant.cpp.o) (SERCOM::SERCOM(Sercom*))
/home/bryanmtdt/Documents/git/SelfieOverTable/Boton/Release/arduino.ar(Uart.cpp.o)
                              /home/bryanmtdt/Documents/git/SelfieOverTable/Boton/Release/arduino.ar(variant.cpp.o) (Uart::Uart(SERCOM*, unsigned char, unsigned char, SercomRXPad, SercomUartTXPad))
/home/bryanmtdt/Documents/git/SelfieOverTable/Boton/Release/arduino.ar(WMath.cpp.o)
                              ./libraries/WS2812FX/WS2812FX.cpp.o (random(long))
/home/bryanmtdt/Documents/git/SelfieOverTable/Boton/Release/arduino.ar(abi.cpp.o)
                              /home/bryanmtdt/Documents/git/SelfieOverTable/Boton/Release/arduino.ar(Uart.cpp.o) (__cxa_pure_virtual)
/home/bryanmtdt/Documents/git/SelfieOverTable/Boton/Release/arduino.ar(cortex_handlers.c.o)
                              (Reset_Handler)
/home/bryanmtdt/Documents/git/SelfieOverTable/Boton/Release/arduino.ar(delay.c.o)
                              ./.ino.cpp.o (millis)
/home/bryanmtdt/Documents/git/SelfieOverTable/Boton/Release/arduino.ar(hooks.c.o)
                              /home/bryanmtdt/Documents/git/SelfieOverTable/Boton/Release/arduino.ar(delay.c.o) (yield)
/home/bryanmtdt/Documents/git/SelfieOverTable/Boton/Release/arduino.ar(main.cpp.o)
                              /home/bryanmtdt/Documents/sloeber4.1/arduinoPlugin/packages/arduino/tools/arm-none-eabi-gcc/4.8.3-2014q1/bin/../lib/gcc/arm-none-eabi/4.8.3/../../../../arm-none-eabi/lib/armv6-m/crt0.o (main)
/home/bryanmtdt/Documents/git/SelfieOverTable/Boton/Release/arduino.ar(startup.c.o)
                              /home/bryanmtdt/Documents/git/SelfieOverTable/Boton/Release/arduino.ar(cortex_handlers.c.o) (SystemInit)
/home/bryanmtdt/Documents/git/SelfieOverTable/Boton/Release/arduino.ar(wiring.c.o)
                              /home/bryanmtdt/Documents/git/SelfieOverTable/Boton/Release/arduino.ar(main.cpp.o) (init)
/home/bryanmtdt/Documents/git/SelfieOverTable/Boton/Release/arduino.ar(wiring_analog.c.o)
                              /home/bryanmtdt/Documents/git/SelfieOverTable/Boton/Release/arduino.ar(wiring.c.o) (analogReference)
/home/bryanmtdt/Documents/git/SelfieOverTable/Boton/Release/arduino.ar(wiring_digital.c.o)
                              ./.ino.cpp.o (pinMode)
/home/bryanmtdt/Documents/git/SelfieOverTable/Boton/Release/arduino.ar(wiring_private.c.o)
                              /home/bryanmtdt/Documents/git/SelfieOverTable/Boton/Release/arduino.ar(Uart.cpp.o) (pinPeripheral)
/home/bryanmtdt/Documents/git/SelfieOverTable/Boton/Release/arduino.ar(USBCore.cpp.o)
                              /home/bryanmtdt/Documents/git/SelfieOverTable/Boton/Release/arduino.ar(main.cpp.o) (USBDeviceClass::init())
/home/bryanmtdt/Documents/git/SelfieOverTable/Boton/Release/arduino.ar(Print.cpp.o)
                              /home/bryanmtdt/Documents/git/SelfieOverTable/Boton/Release/arduino.ar(Uart.cpp.o) (Print::write(unsigned char const*, unsigned int))
/home/bryanmtdt/Documents/git/SelfieOverTable/Boton/Release/arduino.ar(Reset.cpp.o)
                              /home/bryanmtdt/Documents/git/SelfieOverTable/Boton/Release/arduino.ar(delay.c.o) (tickReset)
/home/bryanmtdt/Documents/git/SelfieOverTable/Boton/Release/arduino.ar(RingBuffer.cpp.o)
                              /home/bryanmtdt/Documents/git/SelfieOverTable/Boton/Release/arduino.ar(Uart.cpp.o) (RingBuffer::RingBuffer())
/home/bryanmtdt/Documents/git/SelfieOverTable/Boton/Release/arduino.ar(new.cpp.o)
                              /home/bryanmtdt/Documents/git/SelfieOverTable/Boton/Release/arduino.ar(USBCore.cpp.o) (operator new(unsigned int))
/home/bryanmtdt/Documents/git/SelfieOverTable/Boton/Release/arduino.ar(CDC.cpp.o)
                              /home/bryanmtdt/Documents/git/SelfieOverTable/Boton/Release/arduino.ar(USBCore.cpp.o) (CDC_GetInterface(unsigned char*))
/home/bryanmtdt/Documents/git/SelfieOverTable/Boton/Release/arduino.ar(PluggableUSB.cpp.o)
                              /home/bryanmtdt/Documents/git/SelfieOverTable/Boton/Release/arduino.ar(USBCore.cpp.o) (PluggableUSB_::getInterface(unsigned char*))
/home/bryanmtdt/Documents/sloeber4.1/arduinoPlugin/packages/arduino/tools/arm-none-eabi-gcc/4.8.3-2014q1/bin/../lib/gcc/arm-none-eabi/4.8.3/../../../../arm-none-eabi/lib/armv6-m/libm.a(lib_a-s_fpclassify.o)
                              /home/bryanmtdt/Documents/git/SelfieOverTable/Boton/Release/arduino.ar(Print.cpp.o) (__fpclassifyd)
[...]
Memory Configuration

Name             Origin             Length             Attributes
FLASH            0x0000000000002000 0x000000000003e000 xr
RAM              0x0000000020000000 0x0000000000008000 xrw
*default*        0x0000000000000000 0xffffffffffffffff

Linker script and memory map

LOAD /home/bryanmtdt/Documents/sloeber4.1/arduinoPlugin/packages/arduino/tools/arm-none-eabi-gcc/4.8.3-2014q1/bin/../lib/gcc/arm-none-eabi/4.8.3/armv6-m/crti.o
LOAD /home/bryanmtdt/Documents/sloeber4.1/arduinoPlugin/packages/arduino/tools/arm-none-eabi-gcc/4.8.3-2014q1/bin/../lib/gcc/arm-none-eabi/4.8.3/armv6-m/crtbegin.o
LOAD /home/bryanmtdt/Documents/sloeber4.1/arduinoPlugin/packages/arduino/tools/arm-none-eabi-gcc/4.8.3-2014q1/bin/../lib/gcc/arm-none-eabi/4.8.3/../../../../arm-none-eabi/lib/armv6-m/crt0.o
LOAD ./.ino.cpp.o
LOAD ./libraries/WS2812FX/WS2812FX.cpp.o
LOAD ./libraries/Adafruit_NeoPixel/Adafruit_NeoPixel.cpp.o
LOAD ./libraries/Adafruit_NeoPixel/esp8266.c.o
LOAD /home/bryanmtdt/Documents/git/SelfieOverTable/Boton/Release/arduino.ar
START GROUP
LOAD /home/bryanmtdt/Documents/sloeber4.1//arduinoPlugin/packages/arduino/tools/CMSIS/4.5.0/CMSIS/Lib/GCC//libarm_cortexM0l_math.a
LOAD /home/bryanmtdt/Documents/sloeber4.1//arduinoPlugin/packages/adafruit/hardware/samd/1.0.17/variants/arduino_zero/libsamd21_qtouch_gcc.a
LOAD /home/bryanmtdt/Documents/sloeber4.1/arduinoPlugin/packages/arduino/tools/arm-none-eabi-gcc/4.8.3-2014q1/bin/../lib/gcc/arm-none-eabi/4.8.3/../../../../arm-none-eabi/lib/armv6-m/libm.a
LOAD /home/bryanmtdt/Documents/git/SelfieOverTable/Boton/Release/arduino.ar
END GROUP
START GROUP
LOAD /home/bryanmtdt/Documents/sloeber4.1/arduinoPlugin/packages/arduino/tools/arm-none-eabi-gcc/4.8.3-2014q1/bin/../lib/gcc/arm-none-eabi/4.8.3/armv6-m/libgcc.a
LOAD /home/bryanmtdt/Documents/sloeber4.1/arduinoPlugin/packages/arduino/tools/arm-none-eabi-gcc/4.8.3-2014q1/bin/../lib/gcc/arm-none-eabi/4.8.3/../../../../arm-none-eabi/lib/armv6-m/libc_s.a
END GROUP
START GROUP
LOAD /home/bryanmtdt/Documents/sloeber4.1/arduinoPlugin/packages/arduino/tools/arm-none-eabi-gcc/4.8.3-2014q1/bin/../lib/gcc/arm-none-eabi/4.8.3/armv6-m/libgcc.a
LOAD /home/bryanmtdt/Documents/sloeber4.1/arduinoPlugin/packages/arduino/tools/arm-none-eabi-gcc/4.8.3-2014q1/bin/../lib/gcc/arm-none-eabi/4.8.3/../../../../arm-none-eabi/lib/armv6-m/libc_s.a
LOAD /home/bryanmtdt/Documents/sloeber4.1/arduinoPlugin/packages/arduino/tools/arm-none-eabi-gcc/4.8.3-2014q1/bin/../lib/gcc/arm-none-eabi/4.8.3/../../../../arm-none-eabi/lib/armv6-m/libnosys.a
END GROUP
START GROUP
LOAD /home/bryanmtdt/Documents/sloeber4.1/arduinoPlugin/packages/arduino/tools/arm-none-eabi-gcc/4.8.3-2014q1/bin/../lib/gcc/arm-none-eabi/4.8.3/armv6-m/libgcc.a
LOAD /home/bryanmtdt/Documents/sloeber4.1/arduinoPlugin/packages/arduino/tools/arm-none-eabi-gcc/4.8.3-2014q1/bin/../lib/gcc/arm-none-eabi/4.8.3/../../../../arm-none-eabi/lib/armv6-m/libc_s.a
LOAD /home/bryanmtdt/Documents/sloeber4.1/arduinoPlugin/packages/arduino/tools/arm-none-eabi-gcc/4.8.3-2014q1/bin/../lib/gcc/arm-none-eabi/4.8.3/../../../../arm-none-eabi/lib/armv6-m/libnosys.a
END GROUP
LOAD /home/bryanmtdt/Documents/sloeber4.1/arduinoPlugin/packages/arduino/tools/arm-none-eabi-gcc/4.8.3-2014q1/bin/../lib/gcc/arm-none-eabi/4.8.3/armv6-m/crtend.o
LOAD /home/bryanmtdt/Documents/sloeber4.1/arduinoPlugin/packages/arduino/tools/arm-none-eabi-gcc/4.8.3-2014q1/bin/../lib/gcc/arm-none-eabi/4.8.3/armv6-m/crtn.o

.text           0x0000000000002000     0x7730
                0x0000000000002000                __text_start__ = .
 *(.sketch_boot)
                0x0000000000002000                . = ALIGN (0x2000)
 *(.isr_vector)
 .isr_vector    0x0000000000002000       0xb4 /home/bryanmtdt/Documents/git/SelfieOverTable/Boton/Release/arduino.ar(cortex_handlers.c.o)
                0x0000000000002000                exception_table
 *(.text*)
 .text          0x00000000000020b4       0x60 /home/bryanmtdt/Documents/sloeber4.1/arduinoPlugin/packages/arduino/tools/arm-none-eabi-gcc/4.8.3-2014q1/bin/../lib/gcc/arm-none-eabi/4.8.3/armv6-m/crtbegin.o
 .text._ZN8WS2812FXD2Ev
                0x0000000000002114        0xc ./.ino.cpp.o
                0x0000000000002114                WS2812FX::~WS2812FX()
                0x0000000000002114                WS2812FX::~WS2812FX()
 .text.setup    0x0000000000002120       0x3c ./.ino.cpp.o
                0x0000000000002120                setup
 .text._Z14Button_Pressedv
                0x000000000000215c       0x2c ./.ino.cpp.o
                0x000000000000215c                Button_Pressed()
 .text._Z18Button_wait_relasev
                0x0000000000002188       0x20 ./.ino.cpp.o
                0x0000000000002188                Button_wait_relase()
 .text.loop     0x00000000000021a8       0x48 ./.ino.cpp.o
                0x00000000000021a8                loop
 .text.startup._GLOBAL__sub_I_Button_PIN
                0x00000000000021f0      0x504 ./.ino.cpp.o
 .text._ZN8WS2812FX7serviceEv
                0x00000000000026f4       0x52 ./libraries/WS2812FX/WS2812FX.cpp.o
                0x00000000000026f4                WS2812FX::service()
 .text._ZN8WS2812FX5startEv
                0x0000000000002746        0xe ./libraries/WS2812FX/WS2812FX.cpp.o
                0x0000000000002746                WS2812FX::start()
 .text._ZN8WS2812FX7setModeEh
                0x0000000000002754       0x20 ./libraries/WS2812FX/WS2812FX.cpp.o
                0x0000000000002754                WS2812FX::setMode(unsigned char)
 .text._ZN8WS2812FX8setSpeedEh
                0x0000000000002774        0xc ./libraries/WS2812FX/WS2812FX.cpp.o
                0x0000000000002774                WS2812FX::setSpeed(unsigned char)
 .text._ZN8WS2812FX13setBrightnessEh
                0x0000000000002780       0x12 ./libraries/WS2812FX/WS2812FX.cpp.o
                0x0000000000002780                WS2812FX::setBrightness(unsigned char)
 .text._ZN8WS2812FX4initEv
                0x0000000000002792       0x18 ./libraries/WS2812FX/WS2812FX.cpp.o
                0x0000000000002792                WS2812FX::init()
 .text._ZN8WS2812FX9strip_offEv
                0x00000000000027aa       0x10 ./libraries/WS2812FX/WS2812FX.cpp.o
                0x00000000000027aa                WS2812FX::strip_off()
 .text._ZN8WS2812FX4stopEv
                0x00000000000027ba        0xc ./libraries/WS2812FX/WS2812FX.cpp.o
                0x00000000000027ba                WS2812FX::stop()
 .text._ZN8WS2812FX11color_wheelEh
                0x00000000000027c6       0x44 ./libraries/WS2812FX/WS2812FX.cpp.o
                0x00000000000027c6                WS2812FX::color_wheel(unsigned char)
 .text._ZN8WS2812FX22get_random_wheel_indexEh
                0x000000000000280a       0x2e ./libraries/WS2812FX/WS2812FX.cpp.o
                0x000000000000280a                WS2812FX::get_random_wheel_index(unsigned char)
 .text._ZN8WS2812FX11mode_staticEv
                0x0000000000002838       0x26 ./libraries/WS2812FX/WS2812FX.cpp.o
                0x0000000000002838                WS2812FX::mode_static()
 *fill*         0x000000000000285e        0x2 
 .text._ZN8WS2812FX10mode_blinkEv
                0x0000000000002860       0x44 ./libraries/WS2812FX/WS2812FX.cpp.o
                0x0000000000002860                WS2812FX::mode_blink()
 .text._ZN8WS2812FX15mode_color_wipeEv
                0x00000000000028a4       0x46 ./libraries/WS2812FX/WS2812FX.cpp.o
                0x00000000000028a4                WS2812FX::mode_color_wipe()
 .text._ZN8WS2812FX22mode_color_wipe_randomEv
                0x00000000000028ea       0x52 ./libraries/WS2812FX/WS2812FX.cpp.o
                0x00000000000028ea                WS2812FX::mode_color_wipe_random()
 .text._ZN8WS2812FX17mode_random_colorEv
                0x000000000000293c       0x50 ./libraries/WS2812FX/WS2812FX.cpp.o
                0x000000000000293c                WS2812FX::mode_random_color()
 .text._ZN8WS2812FX19mode_single_dynamicEv
                0x000000000000298c       0x74 ./libraries/WS2812FX/WS2812FX.cpp.o
                0x000000000000298c                WS2812FX::mode_single_dynamic()
 .text._ZN8WS2812FX18mode_multi_dynamicEv
                0x0000000000002a00       0x4c ./libraries/WS2812FX/WS2812FX.cpp.o
                0x0000000000002a00                WS2812FX::mode_multi_dynamic()
 .text._ZN8WS2812FX11mode_breathEv
                0x0000000000002a4c       0x98 ./libraries/WS2812FX/WS2812FX.cpp.o
                0x0000000000002a4c                WS2812FX::mode_breath()
 .text._ZN8WS2812FX9mode_fadeEv
                0x0000000000002ae4       0x6a ./libraries/WS2812FX/WS2812FX.cpp.o
                0x0000000000002ae4                WS2812FX::mode_fade()
 .text._ZN8WS2812FX9mode_scanEv
                0x0000000000002b4e       0x50 ./libraries/WS2812FX/WS2812FX.cpp.o
                0x0000000000002b4e                WS2812FX::mode_scan()
 .text._ZN8WS2812FX14mode_dual_scanEv
                0x0000000000002b9e       0x62 ./libraries/WS2812FX/WS2812FX.cpp.o
                0x0000000000002b9e                WS2812FX::mode_dual_scan()
 .text._ZN8WS2812FX12mode_rainbowEv
                0x0000000000002c00       0x46 ./libraries/WS2812FX/WS2812FX.cpp.o
                0x0000000000002c00                WS2812FX::mode_rainbow()
 .text._ZN8WS2812FX18mode_rainbow_cycleEv
                0x0000000000002c46       0x50 ./libraries/WS2812FX/WS2812FX.cpp.o
                0x0000000000002c46                WS2812FX::mode_rainbow_cycle()
 .text._ZN8WS2812FX18mode_theater_chaseEv
                0x0000000000002c96       0x70 ./libraries/WS2812FX/WS2812FX.cpp.o
                0x0000000000002c96                WS2812FX::mode_theater_chase()
 .text._ZN8WS2812FX26mode_theater_chase_rainbowEv
                0x0000000000002d06       0x86 ./libraries/WS2812FX/WS2812FX.cpp.o
                0x0000000000002d06                WS2812FX::mode_theater_chase_rainbow()
 *fill*         0x0000000000002d8c        0x4 
 .text._ZN8WS2812FX19mode_running_lightsEv
                0x0000000000002d90       0xb0 ./libraries/WS2812FX/WS2812FX.cpp.o
                0x0000000000002d90                WS2812FX::mode_running_lights()
 .text._ZN8WS2812FX12mode_twinkleEv
                0x0000000000002e40       0x64 ./libraries/WS2812FX/WS2812FX.cpp.o
                0x0000000000002e40                WS2812FX::mode_twinkle()
 .text._ZN8WS2812FX19mode_twinkle_randomEv
                0x0000000000002ea4       0x1e ./libraries/WS2812FX/WS2812FX.cpp.o
                0x0000000000002ea4                WS2812FX::mode_twinkle_random()
 .text._ZN8WS2812FX17mode_twinkle_fadeEv
                0x0000000000002ec2       0x64 ./libraries/WS2812FX/WS2812FX.cpp.o
                0x0000000000002ec2                WS2812FX::mode_twinkle_fade()
 .text._ZN8WS2812FX24mode_twinkle_fade_randomEv
                0x0000000000002f26       0x1e ./libraries/WS2812FX/WS2812FX.cpp.o
                0x0000000000002f26                WS2812FX::mode_twinkle_fade_random()
 .text._ZN8WS2812FX12mode_sparkleEv
                0x0000000000002f44       0x32 ./libraries/WS2812FX/WS2812FX.cpp.o
                0x0000000000002f44                WS2812FX::mode_sparkle()
 .text._ZN8WS2812FX18mode_flash_sparkleEv
                0x0000000000002f76       0x5a ./libraries/WS2812FX/WS2812FX.cpp.o
                0x0000000000002f76                WS2812FX::mode_flash_sparkle()
 .text._ZN8WS2812FX18mode_hyper_sparkleEv
                0x0000000000002fd0       0x78 ./libraries/WS2812FX/WS2812FX.cpp.o
                0x0000000000002fd0                WS2812FX::mode_hyper_sparkle()
 .text._ZN8WS2812FX11mode_strobeEv
                0x0000000000003048       0x60 ./libraries/WS2812FX/WS2812FX.cpp.o
                0x0000000000003048                WS2812FX::mode_strobe()
 .text._ZN8WS2812FX17mode_multi_strobeEv
                0x00000000000030a8       0x90 ./libraries/WS2812FX/WS2812FX.cpp.o
                0x00000000000030a8                WS2812FX::mode_multi_strobe()
 .text._ZN8WS2812FX19mode_strobe_rainbowEv
                0x0000000000003138       0x6c ./libraries/WS2812FX/WS2812FX.cpp.o
                0x0000000000003138                WS2812FX::mode_strobe_rainbow()
 .text._ZN8WS2812FX18mode_blink_rainbowEv
                0x00000000000031a4       0x50 ./libraries/WS2812FX/WS2812FX.cpp.o
                0x00000000000031a4                WS2812FX::mode_blink_rainbow()
 .text._ZN8WS2812FX16mode_chase_whiteEv
                0x00000000000031f4       0x68 ./libraries/WS2812FX/WS2812FX.cpp.o
                0x00000000000031f4                WS2812FX::mode_chase_white()
 .text._ZN8WS2812FX16mode_chase_colorEv
                0x000000000000325c       0x6c ./libraries/WS2812FX/WS2812FX.cpp.o
                0x000000000000325c                WS2812FX::mode_chase_color()
 .text._ZN8WS2812FX17mode_chase_randomEv
                0x00000000000032c8       0x9e ./libraries/WS2812FX/WS2812FX.cpp.o
                0x00000000000032c8                WS2812FX::mode_chase_random()
 .text._ZN8WS2812FX18mode_chase_rainbowEv
                0x0000000000003366       0x80 ./libraries/WS2812FX/WS2812FX.cpp.o
                0x0000000000003366                WS2812FX::mode_chase_rainbow()
 .text._ZN8WS2812FX16mode_chase_flashEv
                0x00000000000033e6       0x92 ./libraries/WS2812FX/WS2812FX.cpp.o
                0x00000000000033e6                WS2812FX::mode_chase_flash()
 .text._ZN8WS2812FX23mode_chase_flash_randomEv
                0x0000000000003478       0xc8 ./libraries/WS2812FX/WS2812FX.cpp.o
                0x0000000000003478                WS2812FX::mode_chase_flash_random()
 .text._ZN8WS2812FX24mode_chase_rainbow_whiteEv
                0x0000000000003540       0x96 ./libraries/WS2812FX/WS2812FX.cpp.o
                0x0000000000003540                WS2812FX::mode_chase_rainbow_white()
 .text._ZN8WS2812FX19mode_chase_blackoutEv
                0x00000000000035d6       0x6e ./libraries/WS2812FX/WS2812FX.cpp.o
                0x00000000000035d6                WS2812FX::mode_chase_blackout()
 .text._ZN8WS2812FX27mode_chase_blackout_rainbowEv
                0x0000000000003644       0x82 ./libraries/WS2812FX/WS2812FX.cpp.o
                0x0000000000003644                WS2812FX::mode_chase_blackout_rainbow()
 .text._ZN8WS2812FX23mode_color_sweep_randomEv
                0x00000000000036c6       0x7a ./libraries/WS2812FX/WS2812FX.cpp.o
                0x00000000000036c6                WS2812FX::mode_color_sweep_random()
 .text._ZN8WS2812FX18mode_running_colorEv
                0x0000000000003740       0x5e ./libraries/WS2812FX/WS2812FX.cpp.o
                0x0000000000003740                WS2812FX::mode_running_color()
 .text._ZN8WS2812FX21mode_running_red_blueEv
                0x000000000000379e       0x60 ./libraries/WS2812FX/WS2812FX.cpp.o
                0x000000000000379e                WS2812FX::mode_running_red_blue()
 .text._ZN8WS2812FX19mode_running_randomEv
                0x00000000000037fe       0x72 ./libraries/WS2812FX/WS2812FX.cpp.o
                0x00000000000037fe                WS2812FX::mode_running_random()
 .text._ZN8WS2812FX19mode_larson_scannerEv
                0x0000000000003870       0x76 ./libraries/WS2812FX/WS2812FX.cpp.o
                0x0000000000003870                WS2812FX::mode_larson_scanner()
 .text._ZN8WS2812FX10mode_cometEv
                0x00000000000038e6       0x64 ./libraries/WS2812FX/WS2812FX.cpp.o
                0x00000000000038e6                WS2812FX::mode_comet()
 .text._ZN8WS2812FX14mode_fireworksEv
                0x000000000000394a      0x278 ./libraries/WS2812FX/WS2812FX.cpp.o
                0x000000000000394a                WS2812FX::mode_fireworks()
 .text._ZN8WS2812FX21mode_fireworks_randomEv
                0x0000000000003bc2       0x1e ./libraries/WS2812FX/WS2812FX.cpp.o
                0x0000000000003bc2                WS2812FX::mode_fireworks_random()
 .text._ZN8WS2812FX20mode_merry_christmasEv
                0x0000000000003be0       0x58 ./libraries/WS2812FX/WS2812FX.cpp.o
                0x0000000000003be0                WS2812FX::mode_merry_christmas()
 .text._ZN8WS2812FX21mode_fire_flicker_intEi
                0x0000000000003c38       0x94 ./libraries/WS2812FX/WS2812FX.cpp.o
                0x0000000000003c38                WS2812FX::mode_fire_flicker_int(int)
 .text._ZN8WS2812FX17mode_fire_flickerEv
                0x0000000000003ccc        0xa ./libraries/WS2812FX/WS2812FX.cpp.o
                0x0000000000003ccc                WS2812FX::mode_fire_flicker()
 .text._ZN8WS2812FX22mode_fire_flicker_softEv
                0x0000000000003cd6        0xa ./libraries/WS2812FX/WS2812FX.cpp.o
                0x0000000000003cd6                WS2812FX::mode_fire_flicker_soft()
 .text._ZN17Adafruit_NeoPixelD2Ev
                0x0000000000003ce0       0x20 ./libraries/Adafruit_NeoPixel/Adafruit_NeoPixel.cpp.o
                0x0000000000003ce0                Adafruit_NeoPixel::~Adafruit_NeoPixel()
                0x0000000000003ce0                Adafruit_NeoPixel::~Adafruit_NeoPixel()
 .text._ZN17Adafruit_NeoPixel5beginEv
                0x0000000000003d00       0x22 ./libraries/Adafruit_NeoPixel/Adafruit_NeoPixel.cpp.o
                0x0000000000003d00                Adafruit_NeoPixel::begin()
 .text._ZN17Adafruit_NeoPixel12updateLengthEt
                0x0000000000003d22       0x40 ./libraries/Adafruit_NeoPixel/Adafruit_NeoPixel.cpp.o
                0x0000000000003d22                Adafruit_NeoPixel::updateLength(unsigned short)
 .text._ZN17Adafruit_NeoPixel10updateTypeEt
                0x0000000000003d62       0x48 ./libraries/Adafruit_NeoPixel/Adafruit_NeoPixel.cpp.o
                0x0000000000003d62                Adafruit_NeoPixel::updateType(unsigned short)
 *fill*         0x0000000000003daa        0x2 
 .text._ZN17Adafruit_NeoPixel4showEv
                0x0000000000003dac      0x1e8 ./libraries/Adafruit_NeoPixel/Adafruit_NeoPixel.cpp.o
                0x0000000000003dac                Adafruit_NeoPixel::show()
 .text._ZN17Adafruit_NeoPixel6setPinEh
                0x0000000000003f94       0x34 ./libraries/Adafruit_NeoPixel/Adafruit_NeoPixel.cpp.o
                0x0000000000003f94                Adafruit_NeoPixel::setPin(unsigned char)
 .text._ZN17Adafruit_NeoPixelC2Etht
                0x0000000000003fc8       0x2e ./libraries/Adafruit_NeoPixel/Adafruit_NeoPixel.cpp.o
                0x0000000000003fc8                Adafruit_NeoPixel::Adafruit_NeoPixel(unsigned short, unsigned char, unsigned short)
                0x0000000000003fc8                Adafruit_NeoPixel::Adafruit_NeoPixel(unsigned short, unsigned char, unsigned short)
 .text._ZN17Adafruit_NeoPixel13setPixelColorEthhh
                0x0000000000003ff6       0x46 ./libraries/Adafruit_NeoPixel/Adafruit_NeoPixel.cpp.o
                0x0000000000003ff6                Adafruit_NeoPixel::setPixelColor(unsigned short, unsigned char, unsigned char, unsigned char)
 .text._ZN17Adafruit_NeoPixel13setPixelColorEtm
                0x000000000000403c       0x74 ./libraries/Adafruit_NeoPixel/Adafruit_NeoPixel.cpp.o
                0x000000000000403c                Adafruit_NeoPixel::setPixelColor(unsigned short, unsigned long)
 .text._ZNK17Adafruit_NeoPixel13getPixelColorEt
                0x00000000000040b0       0xc0 ./libraries/Adafruit_NeoPixel/Adafruit_NeoPixel.cpp.o
                0x00000000000040b0                Adafruit_NeoPixel::getPixelColor(unsigned short) const
 .text._ZN17Adafruit_NeoPixel13setBrightnessEh
                0x0000000000004170       0x50 ./libraries/Adafruit_NeoPixel/Adafruit_NeoPixel.cpp.o
                0x0000000000004170                Adafruit_NeoPixel::setBrightness(unsigned char)
 .text._ZN17Adafruit_NeoPixel5clearEv
                0x00000000000041c0        0xe ./libraries/Adafruit_NeoPixel/Adafruit_NeoPixel.cpp.o
                0x00000000000041c0                Adafruit_NeoPixel::clear()
 *fill*         0x00000000000041ce        0x2 
 .text.SERCOM0_Handler
                0x00000000000041d0       0x10 /home/bryanmtdt/Documents/git/SelfieOverTable/Boton/Release/arduino.ar(variant.cpp.o)
                0x00000000000041d0                SERCOM0_Handler
 .text.SERCOM5_Handler
                0x00000000000041e0       0x10 /home/bryanmtdt/Documents/git/SelfieOverTable/Boton/Release/arduino.ar(variant.cpp.o)
                0x00000000000041e0                SERCOM5_Handler
 .text.startup._GLOBAL__sub_I_g_APinDescription
                0x00000000000041f0       0x94 /home/bryanmtdt/Documents/git/SelfieOverTable/Boton/Release/arduino.ar(variant.cpp.o)
 .text._ZN6SERCOMC2EP6Sercom
                0x0000000000004284        0x4 /home/bryanmtdt/Documents/git/SelfieOverTable/Boton/Release/arduino.ar(SERCOM.cpp.o)
                0x0000000000004284                SERCOM::SERCOM(Sercom*)
                0x0000000000004284                SERCOM::SERCOM(Sercom*)
 .text._ZN6SERCOM9initFrameE18SercomUartCharSize15SercomDataOrder16SercomParityMode19SercomNumberStopBit
                0x0000000000004288       0x38 /home/bryanmtdt/Documents/git/SelfieOverTable/Boton/Release/arduino.ar(SERCOM.cpp.o)
                0x0000000000004288                SERCOM::initFrame(SercomUartCharSize, SercomDataOrder, SercomParityMode, SercomNumberStopBit)
 .text._ZN6SERCOM8initPadsE15SercomUartTXPad11SercomRXPad
                0x00000000000042c0       0x26 /home/bryanmtdt/Documents/git/SelfieOverTable/Boton/Release/arduino.ar(SERCOM.cpp.o)
                0x00000000000042c0                SERCOM::initPads(SercomUartTXPad, SercomRXPad)
 .text._ZN6SERCOM9resetUARTEv
                0x00000000000042e6       0x1c /home/bryanmtdt/Documents/git/SelfieOverTable/Boton/Release/arduino.ar(SERCOM.cpp.o)
                0x00000000000042e6                SERCOM::resetUART()
 .text._ZN6SERCOM10enableUARTEv
                0x0000000000004302       0x14 /home/bryanmtdt/Documents/git/SelfieOverTable/Boton/Release/arduino.ar(SERCOM.cpp.o)
                0x0000000000004302                SERCOM::enableUART()
 .text._ZN6SERCOM9flushUARTEv
                0x0000000000004316       0x10 /home/bryanmtdt/Documents/git/SelfieOverTable/Boton/Release/arduino.ar(SERCOM.cpp.o)
                0x0000000000004316                SERCOM::flushUART()
 .text._ZN6SERCOM15clearStatusUARTEv
                0x0000000000004326        0x8 /home/bryanmtdt/Documents/git/SelfieOverTable/Boton/Release/arduino.ar(SERCOM.cpp.o)
                0x0000000000004326                SERCOM::clearStatusUART()
 .text._ZN6SERCOM17availableDataUARTEv
                0x000000000000432e        0xa /home/bryanmtdt/Documents/git/SelfieOverTable/Boton/Release/arduino.ar(SERCOM.cpp.o)
                0x000000000000432e                SERCOM::availableDataUART()
 .text._ZN6SERCOM11isUARTErrorEv
                0x0000000000004338        0x8 /home/bryanmtdt/Documents/git/SelfieOverTable/Boton/Release/arduino.ar(SERCOM.cpp.o)
                0x0000000000004338                SERCOM::isUARTError()
 .text._ZN6SERCOM20acknowledgeUARTErrorEv
                0x0000000000004340        0xe /home/bryanmtdt/Documents/git/SelfieOverTable/Boton/Release/arduino.ar(SERCOM.cpp.o)
                0x0000000000004340                SERCOM::acknowledgeUARTError()
 .text._ZN6SERCOM12readDataUARTEv
                0x000000000000434e        0x8 /home/bryanmtdt/Documents/git/SelfieOverTable/Boton/Release/arduino.ar(SERCOM.cpp.o)
                0x000000000000434e                SERCOM::readDataUART()
 .text._ZN6SERCOM13writeDataUARTEh
                0x0000000000004356        0xe /home/bryanmtdt/Documents/git/SelfieOverTable/Boton/Release/arduino.ar(SERCOM.cpp.o)
                0x0000000000004356                SERCOM::writeDataUART(unsigned char)
 .text._ZN6SERCOM13initClockNVICEv
                0x0000000000004364       0xac /home/bryanmtdt/Documents/git/SelfieOverTable/Boton/Release/arduino.ar(SERCOM.cpp.o)
                0x0000000000004364                SERCOM::initClockNVIC()
 .text._ZN6SERCOM8initUARTE14SercomUartMode20SercomUartSampleRatem
                0x0000000000004410       0x6c /home/bryanmtdt/Documents/git/SelfieOverTable/Boton/Release/arduino.ar(SERCOM.cpp.o)
                0x0000000000004410                SERCOM::initUART(SercomUartMode, SercomUartSampleRate, unsigned long)
 .text._ZN4UartcvbEv
                0x000000000000447c        0x4 /home/bryanmtdt/Documents/git/SelfieOverTable/Boton/Release/arduino.ar(Uart.cpp.o)
                0x000000000000447c                Uart::operator bool()
 .text._ZN4Uart5beginEm
                0x0000000000004480       0x10 /home/bryanmtdt/Documents/git/SelfieOverTable/Boton/Release/arduino.ar(Uart.cpp.o)
                0x0000000000004480                Uart::begin(unsigned long)
 .text._ZN4Uart3endEv
                0x0000000000004490       0x14 /home/bryanmtdt/Documents/git/SelfieOverTable/Boton/Release/arduino.ar(Uart.cpp.o)
                0x0000000000004490                Uart::end()
 .text._ZN4Uart5flushEv
                0x00000000000044a4        0xa /home/bryanmtdt/Documents/git/SelfieOverTable/Boton/Release/arduino.ar(Uart.cpp.o)
                0x00000000000044a4                Uart::flush()
 .text._ZN4Uart9availableEv
                0x00000000000044ae        0xa /home/bryanmtdt/Documents/git/SelfieOverTable/Boton/Release/arduino.ar(Uart.cpp.o)
                0x00000000000044ae                Uart::available()
 .text._ZN4Uart4peekEv
                0x00000000000044b8        0xa /home/bryanmtdt/Documents/git/SelfieOverTable/Boton/Release/arduino.ar(Uart.cpp.o)
                0x00000000000044b8                Uart::peek()
 .text._ZN4Uart4readEv
                0x00000000000044c2        0xa /home/bryanmtdt/Documents/git/SelfieOverTable/Boton/Release/arduino.ar(Uart.cpp.o)
                0x00000000000044c2                Uart::read()
 .text._ZN4Uart5writeEh
                0x00000000000044cc        0xc /home/bryanmtdt/Documents/git/SelfieOverTable/Boton/Release/arduino.ar(Uart.cpp.o)
                0x00000000000044cc                Uart::write(unsigned char)
 .text._ZN4UartC2EP6SERCOMhh11SercomRXPad15SercomUartTXPad
                0x00000000000044d8       0x48 /home/bryanmtdt/Documents/git/SelfieOverTable/Boton/Release/arduino.ar(Uart.cpp.o)
                0x00000000000044d8                Uart::Uart(SERCOM*, unsigned char, unsigned char, SercomRXPad, SercomUartTXPad)
                0x00000000000044d8                Uart::Uart(SERCOM*, unsigned char, unsigned char, SercomRXPad, SercomUartTXPad)
 .text._ZN4Uart10IrqHandlerEv
                0x0000000000004520       0x36 /home/bryanmtdt/Documents/git/SelfieOverTable/Boton/Release/arduino.ar(Uart.cpp.o)
                0x0000000000004520                Uart::IrqHandler()
 .text._ZN4Uart16extractNbStopBitEt
                0x0000000000004556        0xe /home/bryanmtdt/Documents/git/SelfieOverTable/Boton/Release/arduino.ar(Uart.cpp.o)
                0x0000000000004556                Uart::extractNbStopBit(unsigned short)
 .text._ZN4Uart15extractCharSizeEt
                0x0000000000004564       0x2c /home/bryanmtdt/Documents/git/SelfieOverTable/Boton/Release/arduino.ar(Uart.cpp.o)
                0x0000000000004564                Uart::extractCharSize(unsigned short)
 .text._ZN4Uart13extractParityEt
                0x0000000000004590       0x18 /home/bryanmtdt/Documents/git/SelfieOverTable/Boton/Release/arduino.ar(Uart.cpp.o)
                0x0000000000004590                Uart::extractParity(unsigned short)
 .text._ZN4Uart5beginEmt
                0x00000000000045a8       0x88 /home/bryanmtdt/Documents/git/SelfieOverTable/Boton/Release/arduino.ar(Uart.cpp.o)
                0x00000000000045a8                Uart::begin(unsigned long, unsigned short)
 .text._Z6randoml
                0x0000000000004630       0x18 /home/bryanmtdt/Documents/git/SelfieOverTable/Boton/Release/arduino.ar(WMath.cpp.o)
                0x0000000000004630                random(long)
 .text._Z6randomll
                0x0000000000004648       0x14 /home/bryanmtdt/Documents/git/SelfieOverTable/Boton/Release/arduino.ar(WMath.cpp.o)
                0x0000000000004648                random(long, long)
 .text._Z3maplllll
                0x000000000000465c       0x16 /home/bryanmtdt/Documents/git/SelfieOverTable/Boton/Release/arduino.ar(WMath.cpp.o)
                0x000000000000465c                map(long, long, long, long, long)
 .text.Dummy_Handler
                0x0000000000004672        0x2 /home/bryanmtdt/Documents/git/SelfieOverTable/Boton/Release/arduino.ar(cortex_handlers.c.o)
                0x0000000000004672                DMAC_Handler
                0x0000000000004672                HardFault_Handler
                0x0000000000004672                AC_Handler
                0x0000000000004672                PendSV_Handler
                0x0000000000004672                NMI_Handler
                0x0000000000004672                TC7_Handler
                0x0000000000004672                SERCOM1_Handler
                0x0000000000004672                ADC_Handler
                0x0000000000004672                TCC1_Handler
                0x0000000000004672                SERCOM2_Handler
                0x0000000000004672                TCC0_Handler
                0x0000000000004672                RTC_Handler
                0x0000000000004672                EIC_Handler
                0x0000000000004672                TC6_Handler
                0x0000000000004672                WDT_Handler
                0x0000000000004672                TC4_Handler
                0x0000000000004672                TC3_Handler
                0x0000000000004672                Dummy_Handler
                0x0000000000004672                PM_Handler
                0x0000000000004672                SVC_Handler
                0x0000000000004672                TCC2_Handler
                0x0000000000004672                EVSYS_Handler
                0x0000000000004672                SERCOM3_Handler
                0x0000000000004672                SERCOM4_Handler
                0x0000000000004672                I2S_Handler
                0x0000000000004672                NVMCTRL_Handler
                0x0000000000004672                DAC_Handler
                0x0000000000004672                PTC_Handler
                0x0000000000004672                SYSCTRL_Handler
 .text.USB_Handler
                0x0000000000004674       0x14 /home/bryanmtdt/Documents/git/SelfieOverTable/Boton/Release/arduino.ar(cortex_handlers.c.o)
                0x0000000000004674                USB_Handler
 .text.Reset_Handler
                0x0000000000004688       0x54 /home/bryanmtdt/Documents/git/SelfieOverTable/Boton/Release/arduino.ar(cortex_handlers.c.o)
                0x0000000000004688                Reset_Handler
 .text.SysTick_Handler
                0x00000000000046dc       0x10 /home/bryanmtdt/Documents/git/SelfieOverTable/Boton/Release/arduino.ar(cortex_handlers.c.o)
                0x00000000000046dc                SysTick_Handler
 .text.USB_SetHandler
                0x00000000000046ec        0xc /home/bryanmtdt/Documents/git/SelfieOverTable/Boton/Release/arduino.ar(cortex_handlers.c.o)
                0x00000000000046ec                USB_SetHandler
 .text.millis   0x00000000000046f8        0xc /home/bryanmtdt/Documents/git/SelfieOverTable/Boton/Release/arduino.ar(delay.c.o)
                0x00000000000046f8                millis
 .text.micros   0x0000000000004704       0x64 /home/bryanmtdt/Documents/git/SelfieOverTable/Boton/Release/arduino.ar(delay.c.o)
                0x0000000000004704                micros
 .text.delay    0x0000000000004768       0x20 /home/bryanmtdt/Documents/git/SelfieOverTable/Boton/Release/arduino.ar(delay.c.o)
                0x0000000000004768                delay
 .text.SysTick_DefaultHandler
                0x0000000000004788       0x14 /home/bryanmtdt/Documents/git/SelfieOverTable/Boton/Release/arduino.ar(delay.c.o)
                0x0000000000004788                SysTick_DefaultHandler
 .text.__empty  0x000000000000479c        0x2 /home/bryanmtdt/Documents/git/SelfieOverTable/Boton/Release/arduino.ar(hooks.c.o)
                0x000000000000479c                yield
 .text.__false  0x000000000000479e        0x4 /home/bryanmtdt/Documents/git/SelfieOverTable/Boton/Release/arduino.ar(hooks.c.o)
                0x000000000000479e                sysTickHook
 .text._Z11initVariantv
                0x00000000000047a2        0x2 /home/bryanmtdt/Documents/git/SelfieOverTable/Boton/Release/arduino.ar(main.cpp.o)
                0x00000000000047a2                initVariant()
 .text.startup.main
                0x00000000000047a4       0x40 /home/bryanmtdt/Documents/git/SelfieOverTable/Boton/Release/arduino.ar(main.cpp.o)
                0x00000000000047a4                main
 .text.SystemInit
                0x00000000000047e4      0x168 /home/bryanmtdt/Documents/git/SelfieOverTable/Boton/Release/arduino.ar(startup.c.o)
                0x00000000000047e4                SystemInit
 .text.init     0x000000000000494c       0xf0 /home/bryanmtdt/Documents/git/SelfieOverTable/Boton/Release/arduino.ar(wiring.c.o)
                0x000000000000494c                init
 .text.analogReference
                0x0000000000004a3c       0x5c /home/bryanmtdt/Documents/git/SelfieOverTable/Boton/Release/arduino.ar(wiring_analog.c.o)
                0x0000000000004a3c                analogReference
 .text.pinMode  0x0000000000004a98       0xb4 /home/bryanmtdt/Documents/git/SelfieOverTable/Boton/Release/arduino.ar(wiring_digital.c.o)
                0x0000000000004a98                pinMode
 .text.digitalWrite
                0x0000000000004b4c       0x60 /home/bryanmtdt/Documents/git/SelfieOverTable/Boton/Release/arduino.ar(wiring_digital.c.o)
                0x0000000000004b4c                digitalWrite
 .text.digitalRead
                0x0000000000004bac       0x30 /home/bryanmtdt/Documents/git/SelfieOverTable/Boton/Release/arduino.ar(wiring_digital.c.o)
                0x0000000000004bac                digitalRead
 .text.pinPeripheral
                0x0000000000004bdc       0xc4 /home/bryanmtdt/Documents/git/SelfieOverTable/Boton/Release/arduino.ar(wiring_private.c.o)
                0x0000000000004bdc                pinPeripheral
 .text._ZN14USBDeviceClass6initEPEmm.part.4
                0x0000000000004ca0       0x80 /home/bryanmtdt/Documents/git/SelfieOverTable/Boton/Release/arduino.ar(USBCore.cpp.o)
 .text._ZN20USBDevice_SAMD21G18x5resetEv
                0x0000000000004d20       0x28 /home/bryanmtdt/Documents/git/SelfieOverTable/Boton/Release/arduino.ar(USBCore.cpp.o)
                0x0000000000004d20                USBDevice_SAMD21G18x::reset()
 .text._ZN20USBDevice_SAMD21G18x9calibrateEv
                0x0000000000004d48       0x5c /home/bryanmtdt/Documents/git/SelfieOverTable/Boton/Release/arduino.ar(USBCore.cpp.o)
                0x0000000000004d48                USBDevice_SAMD21G18x::calibrate()
 .text._ZN7__GuardC2Ev
                0x0000000000004da4        0xe /home/bryanmtdt/Documents/git/SelfieOverTable/Boton/Release/arduino.ar(USBCore.cpp.o)
                0x0000000000004da4                __Guard::__Guard()
                0x0000000000004da4                __Guard::__Guard()
 .text._ZN7__GuardD2Ev
                0x0000000000004db2        0xe /home/bryanmtdt/Documents/git/SelfieOverTable/Boton/Release/arduino.ar(USBCore.cpp.o)
                0x0000000000004db2                __Guard::~__Guard()
                0x0000000000004db2                __Guard::~__Guard()
 .text._ZNK26DoubleBufferedEPOutHandler9availableEv
                0x0000000000004dc0       0x5e /home/bryanmtdt/Documents/git/SelfieOverTable/Boton/Release/arduino.ar(USBCore.cpp.o)
                0x0000000000004dc0                DoubleBufferedEPOutHandler::available() const
 *fill*         0x0000000000004e1e        0x2 
 .text._ZN26DoubleBufferedEPOutHandler7releaseEv
                0x0000000000004e20       0x58 /home/bryanmtdt/Documents/git/SelfieOverTable/Boton/Release/arduino.ar(USBCore.cpp.o)
                0x0000000000004e20                DoubleBufferedEPOutHandler::release()
 .text._ZN26DoubleBufferedEPOutHandler4recvEPvm
                0x0000000000004e78      0x11c /home/bryanmtdt/Documents/git/SelfieOverTable/Boton/Release/arduino.ar(USBCore.cpp.o)
                0x0000000000004e78                DoubleBufferedEPOutHandler::recv(void*, unsigned long)
 .text._ZN26DoubleBufferedEPOutHandler14handleEndpointEv
                0x0000000000004f94       0xc4 /home/bryanmtdt/Documents/git/SelfieOverTable/Boton/Release/arduino.ar(USBCore.cpp.o)
                0x0000000000004f94                DoubleBufferedEPOutHandler::handleEndpoint()
 .text._ZN14USBDeviceClass14SendInterfacesEPm
                0x0000000000005058       0x2c /home/bryanmtdt/Documents/git/SelfieOverTable/Boton/Release/arduino.ar(USBCore.cpp.o)
                0x0000000000005058                USBDeviceClass::SendInterfaces(unsigned long*)
 .text._ZN14USBDeviceClass14handleEndpointEh
                0x0000000000005084       0x40 /home/bryanmtdt/Documents/git/SelfieOverTable/Boton/Release/arduino.ar(USBCore.cpp.o)
                0x0000000000005084                USBDeviceClass::handleEndpoint(unsigned char)
 .text._ZN14USBDeviceClass4initEv
                0x00000000000050c4       0xf0 /home/bryanmtdt/Documents/git/SelfieOverTable/Boton/Release/arduino.ar(USBCore.cpp.o)
                0x00000000000050c4                USBDeviceClass::init()
 .text._ZN14USBDeviceClass6attachEv
                0x00000000000051b4       0x34 /home/bryanmtdt/Documents/git/SelfieOverTable/Boton/Release/arduino.ar(USBCore.cpp.o)
                0x00000000000051b4                USBDeviceClass::attach()
 .text._ZN14USBDeviceClass10setAddressEm
                0x00000000000051e8       0x48 /home/bryanmtdt/Documents/git/SelfieOverTable/Boton/Release/arduino.ar(USBCore.cpp.o)
                0x00000000000051e8                USBDeviceClass::setAddress(unsigned long)
 .text._ZN14USBDeviceClass25handleClassInterfaceSetupER8USBSetup
                0x0000000000005230       0x40 /home/bryanmtdt/Documents/git/SelfieOverTable/Boton/Release/arduino.ar(USBCore.cpp.o)
                0x0000000000005230                USBDeviceClass::handleClassInterfaceSetup(USBSetup&)
 .text._ZN14USBDeviceClass6initEPEmm
                0x0000000000005270      0x128 /home/bryanmtdt/Documents/git/SelfieOverTable/Boton/Release/arduino.ar(USBCore.cpp.o)
                0x0000000000005270                USBDeviceClass::initEP(unsigned long, unsigned long)
 .text._ZN14USBDeviceClass13initEndpointsEv
                0x0000000000005398       0x24 /home/bryanmtdt/Documents/git/SelfieOverTable/Boton/Release/arduino.ar(USBCore.cpp.o)
                0x0000000000005398                USBDeviceClass::initEndpoints()
 .text._ZN14USBDeviceClass9availableEm
                0x00000000000053bc       0x2c /home/bryanmtdt/Documents/git/SelfieOverTable/Boton/Release/arduino.ar(USBCore.cpp.o)
                0x00000000000053bc                USBDeviceClass::available(unsigned long)
 .text._ZN14USBDeviceClass5flushEm
                0x00000000000053e8       0x2c /home/bryanmtdt/Documents/git/SelfieOverTable/Boton/Release/arduino.ar(USBCore.cpp.o)
                0x00000000000053e8                USBDeviceClass::flush(unsigned long)
 .text._ZN14USBDeviceClass14armRecvCtrlOUTEm
                0x0000000000005414       0x60 /home/bryanmtdt/Documents/git/SelfieOverTable/Boton/Release/arduino.ar(USBCore.cpp.o)
                0x0000000000005414                USBDeviceClass::armRecvCtrlOUT(unsigned long)
 .text._ZN14USBDeviceClass11recvControlEPvm
                0x0000000000005474       0x3c /home/bryanmtdt/Documents/git/SelfieOverTable/Boton/Release/arduino.ar(USBCore.cpp.o)
                0x0000000000005474                USBDeviceClass::recvControl(void*, unsigned long)
 .text._ZN14USBDeviceClass7armRecvEm
                0x00000000000054b0       0x3c /home/bryanmtdt/Documents/git/SelfieOverTable/Boton/Release/arduino.ar(USBCore.cpp.o)
                0x00000000000054b0                USBDeviceClass::armRecv(unsigned long)
 .text._ZN14USBDeviceClass4recvEmPvm
                0x00000000000054ec       0xd8 /home/bryanmtdt/Documents/git/SelfieOverTable/Boton/Release/arduino.ar(USBCore.cpp.o)
                0x00000000000054ec                USBDeviceClass::recv(unsigned long, void*, unsigned long)
 .text._ZN14USBDeviceClass4recvEm
                0x00000000000055c4       0x1c /home/bryanmtdt/Documents/git/SelfieOverTable/Boton/Release/arduino.ar(USBCore.cpp.o)
                0x00000000000055c4                USBDeviceClass::recv(unsigned long)
 .text._ZN14USBDeviceClass4sendEmPKvm
                0x00000000000055e0      0x124 /home/bryanmtdt/Documents/git/SelfieOverTable/Boton/Release/arduino.ar(USBCore.cpp.o)
                0x00000000000055e0                USBDeviceClass::send(unsigned long, void const*, unsigned long)
 .text._ZN14USBDeviceClass7armSendEmPKvm
                0x0000000000005704       0x48 /home/bryanmtdt/Documents/git/SelfieOverTable/Boton/Release/arduino.ar(USBCore.cpp.o)
                0x0000000000005704                USBDeviceClass::armSend(unsigned long, void const*, unsigned long)
 .text._ZN14USBDeviceClass11sendControlEPKvm
                0x000000000000574c       0x58 /home/bryanmtdt/Documents/git/SelfieOverTable/Boton/Release/arduino.ar(USBCore.cpp.o)
                0x000000000000574c                USBDeviceClass::sendControl(void const*, unsigned long)
 .text._ZN14USBDeviceClass20sendStringDescriptorEPKhh
                0x00000000000057a4       0x68 /home/bryanmtdt/Documents/git/SelfieOverTable/Boton/Release/arduino.ar(USBCore.cpp.o)
                0x00000000000057a4                USBDeviceClass::sendStringDescriptor(unsigned char const*, unsigned char)
 .text._ZN14USBDeviceClass12packMessagesEb.part.6
                0x000000000000580c       0x20 /home/bryanmtdt/Documents/git/SelfieOverTable/Boton/Release/arduino.ar(USBCore.cpp.o)
 .text._ZN14USBDeviceClass17sendConfigurationEm
                0x000000000000582c       0x90 /home/bryanmtdt/Documents/git/SelfieOverTable/Boton/Release/arduino.ar(USBCore.cpp.o)
                0x000000000000582c                USBDeviceClass::sendConfiguration(unsigned long)
 .text._ZN14USBDeviceClass14sendDescriptorER8USBSetup
                0x00000000000058bc       0xb4 /home/bryanmtdt/Documents/git/SelfieOverTable/Boton/Release/arduino.ar(USBCore.cpp.o)
                0x00000000000058bc                USBDeviceClass::sendDescriptor(USBSetup&)
 .text._ZN14USBDeviceClass19handleStandardSetupER8USBSetup
                0x0000000000005970      0x118 /home/bryanmtdt/Documents/git/SelfieOverTable/Boton/Release/arduino.ar(USBCore.cpp.o)
                0x0000000000005970                USBDeviceClass::handleStandardSetup(USBSetup&)
 .text._ZN14USBDeviceClass10ISRHandlerEv
                0x0000000000005a88      0x150 /home/bryanmtdt/Documents/git/SelfieOverTable/Boton/Release/arduino.ar(USBCore.cpp.o)
                0x0000000000005a88                USBDeviceClass::ISRHandler()
 .text.UDD_Handler
                0x0000000000005bd8       0x10 /home/bryanmtdt/Documents/git/SelfieOverTable/Boton/Release/arduino.ar(USBCore.cpp.o)
                0x0000000000005bd8                UDD_Handler
 .text.startup._GLOBAL__sub_I__ZN20USBDevice_SAMD21G18x5resetEv
                0x0000000000005be8       0x10 /home/bryanmtdt/Documents/git/SelfieOverTable/Boton/Release/arduino.ar(USBCore.cpp.o)
 .text._ZN5Print5writeEPKhj
                0x0000000000005bf8       0x28 /home/bryanmtdt/Documents/git/SelfieOverTable/Boton/Release/arduino.ar(Print.cpp.o)
                0x0000000000005bf8                Print::write(unsigned char const*, unsigned int)
 .text.initiateReset
                0x0000000000005c20        0xc /home/bryanmtdt/Documents/git/SelfieOverTable/Boton/Release/arduino.ar(Reset.cpp.o)
                0x0000000000005c20                initiateReset
 .text.cancelReset
                0x0000000000005c2c       0x10 /home/bryanmtdt/Documents/git/SelfieOverTable/Boton/Release/arduino.ar(Reset.cpp.o)
                0x0000000000005c2c                cancelReset
 .text.tickReset
                0x0000000000005c3c       0x74 /home/bryanmtdt/Documents/git/SelfieOverTable/Boton/Release/arduino.ar(Reset.cpp.o)
                0x0000000000005c3c                tickReset
 .text._ZN10RingBufferC2Ev
                0x0000000000005cb0       0x1a /home/bryanmtdt/Documents/git/SelfieOverTable/Boton/Release/arduino.ar(RingBuffer.cpp.o)
                0x0000000000005cb0                RingBuffer::RingBuffer()
                0x0000000000005cb0                RingBuffer::RingBuffer()
 .text._ZN10RingBuffer10store_charEh
                0x0000000000005cca       0x24 /home/bryanmtdt/Documents/git/SelfieOverTable/Boton/Release/arduino.ar(RingBuffer.cpp.o)
                0x0000000000005cca                RingBuffer::store_char(unsigned char)
 .text._ZN10RingBuffer5clearEv
                0x0000000000005cee        0xe /home/bryanmtdt/Documents/git/SelfieOverTable/Boton/Release/arduino.ar(RingBuffer.cpp.o)
                0x0000000000005cee                RingBuffer::clear()
 .text._ZN10RingBuffer9read_charEv
                0x0000000000005cfc       0x28 /home/bryanmtdt/Documents/git/SelfieOverTable/Boton/Release/arduino.ar(RingBuffer.cpp.o)
                0x0000000000005cfc                RingBuffer::read_char()
 .text._ZN10RingBuffer9availableEv
                0x0000000000005d24       0x12 /home/bryanmtdt/Documents/git/SelfieOverTable/Boton/Release/arduino.ar(RingBuffer.cpp.o)
                0x0000000000005d24                RingBuffer::available()
 .text._ZN10RingBuffer4peekEv
                0x0000000000005d36       0x1a /home/bryanmtdt/Documents/git/SelfieOverTable/Boton/Release/arduino.ar(RingBuffer.cpp.o)
                0x0000000000005d36                RingBuffer::peek()
 .text._Znwj    0x0000000000005d50        0x8 /home/bryanmtdt/Documents/git/SelfieOverTable/Boton/Release/arduino.ar(new.cpp.o)
                0x0000000000005d50                operator new(unsigned int)
 .text._ZN7Serial_17availableForWriteEv
                0x0000000000005d58        0x4 /home/bryanmtdt/Documents/git/SelfieOverTable/Boton/Release/arduino.ar(CDC.cpp.o)
                0x0000000000005d58                Serial_::availableForWrite()
 .text._ZN7Serial_5writeEh
                0x0000000000005d5c       0x14 /home/bryanmtdt/Documents/git/SelfieOverTable/Boton/Release/arduino.ar(CDC.cpp.o)
                0x0000000000005d5c                Serial_::write(unsigned char)
 .text._ZN7Serial_9availableEv
                0x0000000000005d70        0xc /home/bryanmtdt/Documents/git/SelfieOverTable/Boton/Release/arduino.ar(CDC.cpp.o)
                0x0000000000005d70                Serial_::available()
 .text._ZN7Serial_5flushEv
                0x0000000000005d7c        0xc /home/bryanmtdt/Documents/git/SelfieOverTable/Boton/Release/arduino.ar(CDC.cpp.o)
                0x0000000000005d7c                Serial_::flush()
 .text._ZN7Serial_5writeEPKhj
                0x0000000000005d88       0x1c /home/bryanmtdt/Documents/git/SelfieOverTable/Boton/Release/arduino.ar(CDC.cpp.o)
                0x0000000000005d88                Serial_::write(unsigned char const*, unsigned int)
 .text._ZN7Serial_4peekEv
                0x0000000000005da4       0x1c /home/bryanmtdt/Documents/git/SelfieOverTable/Boton/Release/arduino.ar(CDC.cpp.o)
                0x0000000000005da4                Serial_::peek()
 .text._ZN7Serial_4readEv
                0x0000000000005dc0       0x24 /home/bryanmtdt/Documents/git/SelfieOverTable/Boton/Release/arduino.ar(CDC.cpp.o)
                0x0000000000005dc0                Serial_::read()
 .text._Z16CDC_GetInterfacePh
                0x0000000000005de4       0x1c /home/bryanmtdt/Documents/git/SelfieOverTable/Boton/Release/arduino.ar(CDC.cpp.o)
                0x0000000000005de4                CDC_GetInterface(unsigned char*)
 .text._Z9CDC_SetupR8USBSetup
                0x0000000000005e00       0x80 /home/bryanmtdt/Documents/git/SelfieOverTable/Boton/Release/arduino.ar(CDC.cpp.o)
                0x0000000000005e00                CDC_Setup(USBSetup&)
 .text.startup._GLOBAL__sub_I__Z17_CDC_GetInterfacev
                0x0000000000005e80       0x28 /home/bryanmtdt/Documents/git/SelfieOverTable/Boton/Release/arduino.ar(CDC.cpp.o)
 .text._ZN13PluggableUSB_12getInterfaceEPh
                0x0000000000005ea8       0x2a /home/bryanmtdt/Documents/git/SelfieOverTable/Boton/Release/arduino.ar(PluggableUSB.cpp.o)
                0x0000000000005ea8                PluggableUSB_::getInterface(unsigned char*)
 .text._ZN13PluggableUSB_13getDescriptorER8USBSetup
                0x0000000000005ed2       0x20 /home/bryanmtdt/Documents/git/SelfieOverTable/Boton/Release/arduino.ar(PluggableUSB.cpp.o)
                0x0000000000005ed2                PluggableUSB_::getDescriptor(USBSetup&)
 .text._ZN13PluggableUSB_12getShortNameEPc
                0x0000000000005ef2       0x1e /home/bryanmtdt/Documents/git/SelfieOverTable/Boton/Release/arduino.ar(PluggableUSB.cpp.o)
                0x0000000000005ef2                PluggableUSB_::getShortName(char*)
 .text._ZN13PluggableUSB_5setupER8USBSetup
                0x0000000000005f10       0x24 /home/bryanmtdt/Documents/git/SelfieOverTable/Boton/Release/arduino.ar(PluggableUSB.cpp.o)
                0x0000000000005f10                PluggableUSB_::setup(USBSetup&)
 .text._Z12PluggableUSBv
                0x0000000000005f34       0x24 /home/bryanmtdt/Documents/git/SelfieOverTable/Boton/Release/arduino.ar(PluggableUSB.cpp.o)
                0x0000000000005f34                PluggableUSB()
 .text.sin      0x0000000000005f58       0xb0 /home/bryanmtdt/Documents/sloeber4.1/arduinoPlugin/packages/arduino/tools/arm-none-eabi-gcc/4.8.3-2014q1/bin/../lib/gcc/arm-none-eabi/4.8.3/../../../../arm-none-eabi/lib/armv6-m/libm.a(lib_a-s_sin.o)
                0x0000000000005f58                sin
 .text.__ieee754_rem_pio2
                0x0000000000006008      0x478 /home/bryanmtdt/Documents/sloeber4.1/arduinoPlugin/packages/arduino/tools/arm-none-eabi-gcc/4.8.3-2014q1/bin/../lib/gcc/arm-none-eabi/4.8.3/../../../../arm-none-eabi/lib/armv6-m/libm.a(lib_a-e_rem_pio2.o)
                0x0000000000006008                __ieee754_rem_pio2
 .text.__kernel_cos
                0x0000000000006480      0x248 /home/bryanmtdt/Documents/sloeber4.1/arduinoPlugin/packages/arduino/tools/arm-none-eabi-gcc/4.8.3-2014q1/bin/../lib/gcc/arm-none-eabi/4.8.3/../../../../arm-none-eabi/lib/armv6-m/libm.a(lib_a-k_cos.o)
                0x0000000000006480                __kernel_cos
 .text.__kernel_rem_pio2
                0x00000000000066c8      0x830 /home/bryanmtdt/Documents/sloeber4.1/arduinoPlugin/packages/arduino/tools/arm-none-eabi-gcc/4.8.3-2014q1/bin/../lib/gcc/arm-none-eabi/4.8.3/../../../../arm-none-eabi/lib/armv6-m/libm.a(lib_a-k_rem_pio2.o)
                0x00000000000066c8                __kernel_rem_pio2
 .text.__kernel_sin
                0x0000000000006ef8      0x158 /home/bryanmtdt/Documents/sloeber4.1/arduinoPlugin/packages/arduino/tools/arm-none-eabi-gcc/4.8.3-2014q1/bin/../lib/gcc/arm-none-eabi/4.8.3/../../../../arm-none-eabi/lib/armv6-m/libm.a(lib_a-k_sin.o)
                0x0000000000006ef8                __kernel_sin
 .text.fabs     0x0000000000007050        0x8 /home/bryanmtdt/Documents/sloeber4.1/arduinoPlugin/packages/arduino/tools/arm-none-eabi-gcc/4.8.3-2014q1/bin/../lib/gcc/arm-none-eabi/4.8.3/../../../../arm-none-eabi/lib/armv6-m/libm.a(lib_a-s_fabs.o)
                0x0000000000007050                fabs
 .text.floor    0x0000000000007058      0x170 /home/bryanmtdt/Documents/sloeber4.1/arduinoPlugin/packages/arduino/tools/arm-none-eabi-gcc/4.8.3-2014q1/bin/../lib/gcc/arm-none-eabi/4.8.3/../../../../arm-none-eabi/lib/armv6-m/libm.a(lib_a-s_floor.o)
                0x0000000000007058                floor
 .text.scalbn   0x00000000000071c8      0x110 /home/bryanmtdt/Documents/sloeber4.1/arduinoPlugin/packages/arduino/tools/arm-none-eabi-gcc/4.8.3-2014q1/bin/../lib/gcc/arm-none-eabi/4.8.3/../../../../arm-none-eabi/lib/armv6-m/libm.a(lib_a-s_scalbn.o)
                0x00000000000071c8                scalbn
 .text.copysign
                0x00000000000072d8       0x10 /home/bryanmtdt/Documents/sloeber4.1/arduinoPlugin/packages/arduino/tools/arm-none-eabi-gcc/4.8.3-2014q1/bin/../lib/gcc/arm-none-eabi/4.8.3/../../../../arm-none-eabi/lib/armv6-m/libm.a(lib_a-s_copysign.o)
                0x00000000000072d8                copysign
 .text          0x00000000000072e8       0x14 /home/bryanmtdt/Documents/sloeber4.1/arduinoPlugin/packages/arduino/tools/arm-none-eabi-gcc/4.8.3-2014q1/bin/../lib/gcc/arm-none-eabi/4.8.3/armv6-m/libgcc.a(_thumb1_case_uqi.o)
                0x00000000000072e8                __gnu_thumb1_case_uqi
 .text          0x00000000000072fc       0x9c /home/bryanmtdt/Documents/sloeber4.1/arduinoPlugin/packages/arduino/tools/arm-none-eabi-gcc/4.8.3-2014q1/bin/../lib/gcc/arm-none-eabi/4.8.3/armv6-m/libgcc.a(_udivsi3.o)
                0x00000000000072fc                __udivsi3
                0x00000000000072fc                __aeabi_uidiv
                0x0000000000007384                __aeabi_uidivmod
 .text          0x0000000000007398       0xc0 /home/bryanmtdt/Documents/sloeber4.1/arduinoPlugin/packages/arduino/tools/arm-none-eabi-gcc/4.8.3-2014q1/bin/../lib/gcc/arm-none-eabi/4.8.3/armv6-m/libgcc.a(_divsi3.o)
                0x0000000000007398                __aeabi_idiv
                0x0000000000007398                __divsi3
                0x0000000000007444                __aeabi_idivmod
 .text          0x0000000000007458        0x4 /home/bryanmtdt/Documents/sloeber4.1/arduinoPlugin/packages/arduino/tools/arm-none-eabi-gcc/4.8.3-2014q1/bin/../lib/gcc/arm-none-eabi/4.8.3/armv6-m/libgcc.a(_dvmd_tls.o)
                0x0000000000007458                __aeabi_ldiv0
                0x0000000000007458                __aeabi_idiv0
 .text          0x000000000000745c       0x7c /home/bryanmtdt/Documents/sloeber4.1/arduinoPlugin/packages/arduino/tools/arm-none-eabi-gcc/4.8.3-2014q1/bin/../lib/gcc/arm-none-eabi/4.8.3/armv6-m/libgcc.a(_arm_cmpdf2.o)
                0x000000000000745c                __aeabi_cdrcmple
                0x000000000000746c                __aeabi_cdcmple
                0x000000000000746c                __aeabi_cdcmpeq
                0x000000000000747c                __aeabi_dcmpeq
                0x0000000000007488                __aeabi_dcmplt
                0x000000000000749c                __aeabi_dcmple
                0x00000000000074b0                __aeabi_dcmpgt
                0x00000000000074c4                __aeabi_dcmpge
 .text          0x00000000000074d8      0x638 /home/bryanmtdt/Documents/sloeber4.1/arduinoPlugin/packages/arduino/tools/arm-none-eabi-gcc/4.8.3-2014q1/bin/../lib/gcc/arm-none-eabi/4.8.3/armv6-m/libgcc.a(adddf3.o)
                0x00000000000074d8                __aeabi_dadd
 .text          0x0000000000007b10       0x94 /home/bryanmtdt/Documents/sloeber4.1/arduinoPlugin/packages/arduino/tools/arm-none-eabi-gcc/4.8.3-2014q1/bin/../lib/gcc/arm-none-eabi/4.8.3/armv6-m/libgcc.a(eqdf2.o)
                0x0000000000007b10                __eqdf2
                0x0000000000007b10                __nedf2
 .text          0x0000000000007ba4       0xfc /home/bryanmtdt/Documents/sloeber4.1/arduinoPlugin/packages/arduino/tools/arm-none-eabi-gcc/4.8.3-2014q1/bin/../lib/gcc/arm-none-eabi/4.8.3/armv6-m/libgcc.a(gedf2.o)
                0x0000000000007ba4                __gtdf2
                0x0000000000007ba4                __gedf2
 .text          0x0000000000007ca0       0xfc /home/bryanmtdt/Documents/sloeber4.1/arduinoPlugin/packages/arduino/tools/arm-none-eabi-gcc/4.8.3-2014q1/bin/../lib/gcc/arm-none-eabi/4.8.3/armv6-m/libgcc.a(ledf2.o)
                0x0000000000007ca0                __ltdf2
                0x0000000000007ca0                __ledf2
 .text          0x0000000000007d9c      0x520 /home/bryanmtdt/Documents/sloeber4.1/arduinoPlugin/packages/arduino/tools/arm-none-eabi-gcc/4.8.3-2014q1/bin/../lib/gcc/arm-none-eabi/4.8.3/armv6-m/libgcc.a(muldf3.o)
                0x0000000000007d9c                __aeabi_dmul
 .text          0x00000000000082bc      0x654 /home/bryanmtdt/Documents/sloeber4.1/arduinoPlugin/packages/arduino/tools/arm-none-eabi-gcc/4.8.3-2014q1/bin/../lib/gcc/arm-none-eabi/4.8.3/armv6-m/libgcc.a(subdf3.o)
                0x00000000000082bc                __aeabi_dsub
 .text          0x0000000000008910       0x68 /home/bryanmtdt/Documents/sloeber4.1/arduinoPlugin/packages/arduino/tools/arm-none-eabi-gcc/4.8.3-2014q1/bin/../lib/gcc/arm-none-eabi/4.8.3/armv6-m/libgcc.a(fixdfsi.o)
                0x0000000000008910                __aeabi_d2iz
 .text          0x0000000000008978       0x7c /home/bryanmtdt/Documents/sloeber4.1/arduinoPlugin/packages/arduino/tools/arm-none-eabi-gcc/4.8.3-2014q1/bin/../lib/gcc/arm-none-eabi/4.8.3/armv6-m/libgcc.a(floatsidf.o)
                0x0000000000008978                __aeabi_i2d
 .text          0x00000000000089f4       0x68 /home/bryanmtdt/Documents/sloeber4.1/arduinoPlugin/packages/arduino/tools/arm-none-eabi-gcc/4.8.3-2014q1/bin/../lib/gcc/arm-none-eabi/4.8.3/armv6-m/libgcc.a(floatunsidf.o)
                0x00000000000089f4                __aeabi_ui2d
 .text          0x0000000000008a5c       0x3c /home/bryanmtdt/Documents/sloeber4.1/arduinoPlugin/packages/arduino/tools/arm-none-eabi-gcc/4.8.3-2014q1/bin/../lib/gcc/arm-none-eabi/4.8.3/armv6-m/libgcc.a(_clzsi2.o)
                0x0000000000008a5c                __clzsi2
 .text.__aeabi_atexit
                0x0000000000008a98        0xe /home/bryanmtdt/Documents/sloeber4.1/arduinoPlugin/packages/arduino/tools/arm-none-eabi-gcc/4.8.3-2014q1/bin/../lib/gcc/arm-none-eabi/4.8.3/../../../../arm-none-eabi/lib/armv6-m/libc_s.a(lib_a-aeabi_atexit.o)
                0x0000000000008a98                __aeabi_atexit
 *fill*         0x0000000000008aa6        0x2 
 .text.__cxa_atexit
                0x0000000000008aa8       0x20 /home/bryanmtdt/Documents/sloeber4.1/arduinoPlugin/packages/arduino/tools/arm-none-eabi-gcc/4.8.3-2014q1/bin/../lib/gcc/arm-none-eabi/4.8.3/../../../../arm-none-eabi/lib/armv6-m/libc_s.a(lib_a-cxa_atexit.o)
                0x0000000000008aa8                __cxa_atexit
 .text.__libc_init_array
                0x0000000000008ac8       0x4c /home/bryanmtdt/Documents/sloeber4.1/arduinoPlugin/packages/arduino/tools/arm-none-eabi-gcc/4.8.3-2014q1/bin/../lib/gcc/arm-none-eabi/4.8.3/../../../../arm-none-eabi/lib/armv6-m/libc_s.a(lib_a-init.o)
                0x0000000000008ac8                __libc_init_array
 .text.malloc   0x0000000000008b14       0x14 /home/bryanmtdt/Documents/sloeber4.1/arduinoPlugin/packages/arduino/tools/arm-none-eabi-gcc/4.8.3-2014q1/bin/../lib/gcc/arm-none-eabi/4.8.3/../../../../arm-none-eabi/lib/armv6-m/libc_s.a(lib_a-malloc.o)
                0x0000000000008b14                malloc
 .text.free     0x0000000000008b28       0x14 /home/bryanmtdt/Documents/sloeber4.1/arduinoPlugin/packages/arduino/tools/arm-none-eabi-gcc/4.8.3-2014q1/bin/../lib/gcc/arm-none-eabi/4.8.3/../../../../arm-none-eabi/lib/armv6-m/libc_s.a(lib_a-malloc.o)
                0x0000000000008b28                free
 .text.memcpy   0x0000000000008b3c       0x12 /home/bryanmtdt/Documents/sloeber4.1/arduinoPlugin/packages/arduino/tools/arm-none-eabi-gcc/4.8.3-2014q1/bin/../lib/gcc/arm-none-eabi/4.8.3/../../../../arm-none-eabi/lib/armv6-m/libc_s.a(lib_a-memcpy-stub.o)
                0x0000000000008b3c                memcpy
 .text.memset   0x0000000000008b4e       0x10 /home/bryanmtdt/Documents/sloeber4.1/arduinoPlugin/packages/arduino/tools/arm-none-eabi-gcc/4.8.3-2014q1/bin/../lib/gcc/arm-none-eabi/4.8.3/../../../../arm-none-eabi/lib/armv6-m/libc_s.a(lib_a-memset.o)
                0x0000000000008b4e                memset
 *fill*         0x0000000000008b5e        0x2 
 .text._free_r  0x0000000000008b60       0x90 /home/bryanmtdt/Documents/sloeber4.1/arduinoPlugin/packages/arduino/tools/arm-none-eabi-gcc/4.8.3-2014q1/bin/../lib/gcc/arm-none-eabi/4.8.3/../../../../arm-none-eabi/lib/armv6-m/libc_s.a(lib_a-nano-freer.o)
                0x0000000000008b60                _free_r
 .text._malloc_r
                0x0000000000008bf0       0xa8 /home/bryanmtdt/Documents/sloeber4.1/arduinoPlugin/packages/arduino/tools/arm-none-eabi-gcc/4.8.3-2014q1/bin/../lib/gcc/arm-none-eabi/4.8.3/../../../../arm-none-eabi/lib/armv6-m/libc_s.a(lib_a-nano-mallocr.o)
                0x0000000000008bf0                _malloc_r
 .text.rand     0x0000000000008c98       0x78 /home/bryanmtdt/Documents/sloeber4.1/arduinoPlugin/packages/arduino/tools/arm-none-eabi-gcc/4.8.3-2014q1/bin/../lib/gcc/arm-none-eabi/4.8.3/../../../../arm-none-eabi/lib/armv6-m/libc_s.a(lib_a-rand.o)
                0x0000000000008c98                rand
 .text._sbrk_r  0x0000000000008d10       0x24 /home/bryanmtdt/Documents/sloeber4.1/arduinoPlugin/packages/arduino/tools/arm-none-eabi-gcc/4.8.3-2014q1/bin/../lib/gcc/arm-none-eabi/4.8.3/../../../../arm-none-eabi/lib/armv6-m/libc_s.a(lib_a-sbrkr.o)
                0x0000000000008d10                _sbrk_r
 .text.strlen   0x0000000000008d34        0xe /home/bryanmtdt/Documents/sloeber4.1/arduinoPlugin/packages/arduino/tools/arm-none-eabi-gcc/4.8.3-2014q1/bin/../lib/gcc/arm-none-eabi/4.8.3/../../../../arm-none-eabi/lib/armv6-m/libc_s.a(lib_a-strlen.o)
                0x0000000000008d34                strlen
 *fill*         0x0000000000008d42        0x2 
 .text          0x0000000000008d44       0x44 /home/bryanmtdt/Documents/sloeber4.1/arduinoPlugin/packages/arduino/tools/arm-none-eabi-gcc/4.8.3-2014q1/bin/../lib/gcc/arm-none-eabi/4.8.3/armv6-m/libgcc.a(_muldi3.o)
                0x0000000000008d44                __aeabi_lmul
                0x0000000000008d44                __muldi3
 .text._sbrk    0x0000000000008d88       0x34 /home/bryanmtdt/Documents/sloeber4.1/arduinoPlugin/packages/arduino/tools/arm-none-eabi-gcc/4.8.3-2014q1/bin/../lib/gcc/arm-none-eabi/4.8.3/../../../../arm-none-eabi/lib/armv6-m/libnosys.a(sbrk.o)
                0x0000000000008d88                _sbrk
 *(.init)
 .init          0x0000000000008dbc        0x4 /home/bryanmtdt/Documents/sloeber4.1/arduinoPlugin/packages/arduino/tools/arm-none-eabi-gcc/4.8.3-2014q1/bin/../lib/gcc/arm-none-eabi/4.8.3/armv6-m/crti.o
                0x0000000000008dbc                _init
 .init          0x0000000000008dc0        0x8 /home/bryanmtdt/Documents/sloeber4.1/arduinoPlugin/packages/arduino/tools/arm-none-eabi-gcc/4.8.3-2014q1/bin/../lib/gcc/arm-none-eabi/4.8.3/armv6-m/crtn.o
 *(.fini)
 .fini          0x0000000000008dc8        0x4 /home/bryanmtdt/Documents/sloeber4.1/arduinoPlugin/packages/arduino/tools/arm-none-eabi-gcc/4.8.3-2014q1/bin/../lib/gcc/arm-none-eabi/4.8.3/armv6-m/crti.o
                0x0000000000008dc8                _fini
 .fini          0x0000000000008dcc        0x8 /home/bryanmtdt/Documents/sloeber4.1/arduinoPlugin/packages/arduino/tools/arm-none-eabi-gcc/4.8.3-2014q1/bin/../lib/gcc/arm-none-eabi/4.8.3/armv6-m/crtn.o
 *crtbegin.o(.ctors)
 *crtbegin?.o(.ctors)
 *(EXCLUDE_FILE(*crtend.o *crtend?.o) .ctors)
 *(SORT(.ctors.*))
 *(.ctors)
 *crtbegin.o(.dtors)
 *crtbegin?.o(.dtors)
 *(EXCLUDE_FILE(*crtend.o *crtend?.o) .dtors)
 *(SORT(.dtors.*))
 *(.dtors)
 *(.rodata*)
 .rodata.str1.1
                0x0000000000008dd4      0x244 ./.ino.cpp.o
                                        0x273 (size before relaxing)
 .rodata        0x0000000000009018       0x34 ./libraries/WS2812FX/WS2812FX.cpp.o
 .rodata.g_APinDescription
                0x000000000000904c      0x420 /home/bryanmtdt/Documents/git/SelfieOverTable/Boton/Release/arduino.ar(variant.cpp.o)
                0x000000000000904c                g_APinDescription
 *fill*         0x000000000000946c        0x4 
 .rodata._ZTV4Uart
                0x0000000000009470       0x30 /home/bryanmtdt/Documents/git/SelfieOverTable/Boton/Release/arduino.ar(Uart.cpp.o)
                0x0000000000009470                vtable for Uart
 .rodata._ZTV26DoubleBufferedEPOutHandler
                0x00000000000094a0       0x18 /home/bryanmtdt/Documents/git/SelfieOverTable/Boton/Release/arduino.ar(USBCore.cpp.o)
                0x00000000000094a0                vtable for DoubleBufferedEPOutHandler
 .rodata._ZL19STRING_MANUFACTURER
                0x00000000000094b8        0x9 /home/bryanmtdt/Documents/git/SelfieOverTable/Boton/Release/arduino.ar(USBCore.cpp.o)
 *fill*         0x00000000000094c1        0x1 
 .rodata._ZL15STRING_LANGUAGE
                0x00000000000094c2        0x4 /home/bryanmtdt/Documents/git/SelfieOverTable/Boton/Release/arduino.ar(USBCore.cpp.o)
 .rodata._ZL21USB_DeviceDescriptorB
                0x00000000000094c6       0x12 /home/bryanmtdt/Documents/git/SelfieOverTable/Boton/Release/arduino.ar(USBCore.cpp.o)
 .rodata._ZL14STRING_PRODUCT
                0x00000000000094d8        0xb /home/bryanmtdt/Documents/git/SelfieOverTable/Boton/Release/arduino.ar(USBCore.cpp.o)
 *fill*         0x00000000000094e3        0x5 
 .rodata._ZTV7Serial_
                0x00000000000094e8       0x28 /home/bryanmtdt/Documents/git/SelfieOverTable/Boton/Release/arduino.ar(CDC.cpp.o)
                0x00000000000094e8                vtable for Serial_
 .rodata.npio2_hw
                0x0000000000009510       0x80 /home/bryanmtdt/Documents/sloeber4.1/arduinoPlugin/packages/arduino/tools/arm-none-eabi-gcc/4.8.3-2014q1/bin/../lib/gcc/arm-none-eabi/4.8.3/../../../../arm-none-eabi/lib/armv6-m/libm.a(lib_a-e_rem_pio2.o)
 .rodata.two_over_pi
                0x0000000000009590      0x108 /home/bryanmtdt/Documents/sloeber4.1/arduinoPlugin/packages/arduino/tools/arm-none-eabi-gcc/4.8.3-2014q1/bin/../lib/gcc/arm-none-eabi/4.8.3/../../../../arm-none-eabi/lib/armv6-m/libm.a(lib_a-e_rem_pio2.o)
 .rodata.init_jk
                0x0000000000009698       0x10 /home/bryanmtdt/Documents/sloeber4.1/arduinoPlugin/packages/arduino/tools/arm-none-eabi-gcc/4.8.3-2014q1/bin/../lib/gcc/arm-none-eabi/4.8.3/../../../../arm-none-eabi/lib/armv6-m/libm.a(lib_a-k_rem_pio2.o)
 .rodata.PIo2   0x00000000000096a8       0x40 /home/bryanmtdt/Documents/sloeber4.1/arduinoPlugin/packages/arduino/tools/arm-none-eabi-gcc/4.8.3-2014q1/bin/../lib/gcc/arm-none-eabi/4.8.3/../../../../arm-none-eabi/lib/armv6-m/libm.a(lib_a-k_rem_pio2.o)
 .rodata        0x00000000000096e8       0x40 /home/bryanmtdt/Documents/sloeber4.1/arduinoPlugin/packages/arduino/tools/arm-none-eabi-gcc/4.8.3-2014q1/bin/../lib/gcc/arm-none-eabi/4.8.3/armv6-m/libgcc.a(muldf3.o)
 .rodata.str1.1
                0x0000000000009728        0x2 /home/bryanmtdt/Documents/sloeber4.1/arduinoPlugin/packages/arduino/tools/arm-none-eabi-gcc/4.8.3-2014q1/bin/../lib/gcc/arm-none-eabi/4.8.3/../../../../arm-none-eabi/lib/armv6-m/libc_s.a(lib_a-impure.o)
 *(.eh_frame*)
 *fill*         0x000000000000972a        0x2 
 .eh_frame      0x000000000000972c        0x0 /home/bryanmtdt/Documents/sloeber4.1/arduinoPlugin/packages/arduino/tools/arm-none-eabi-gcc/4.8.3-2014q1/bin/../lib/gcc/arm-none-eabi/4.8.3/armv6-m/crtbegin.o
 .eh_frame      0x000000000000972c        0x4 /home/bryanmtdt/Documents/sloeber4.1/arduinoPlugin/packages/arduino/tools/arm-none-eabi-gcc/4.8.3-2014q1/bin/../lib/gcc/arm-none-eabi/4.8.3/armv6-m/crtend.o

.glue_7         0x0000000000009730        0x0
 .glue_7        0x0000000000000000        0x0 linker stubs

.glue_7t        0x0000000000009730        0x0
 .glue_7t       0x0000000000000000        0x0 linker stubs

.vfp11_veneer   0x0000000000009730        0x0
 .vfp11_veneer  0x0000000000000000        0x0 linker stubs

.v4_bx          0x0000000000009730        0x0
 .v4_bx         0x0000000000000000        0x0 linker stubs

.iplt           0x0000000000009730        0x0
 .iplt          0x0000000000000000        0x0 /home/bryanmtdt/Documents/sloeber4.1/arduinoPlugin/packages/arduino/tools/arm-none-eabi-gcc/4.8.3-2014q1/bin/../lib/gcc/arm-none-eabi/4.8.3/armv6-m/crtbegin.o

.rel.dyn        0x0000000000009730        0x0
 .rel.iplt      0x0000000000000000        0x0 /home/bryanmtdt/Documents/sloeber4.1/arduinoPlugin/packages/arduino/tools/arm-none-eabi-gcc/4.8.3-2014q1/bin/../lib/gcc/arm-none-eabi/4.8.3/armv6-m/crtbegin.o

.ARM.extab
 *(.ARM.extab* .gnu.linkonce.armextab.*)
                0x0000000000009730                __exidx_start = .

.ARM.exidx
 *(.ARM.exidx* .gnu.linkonce.armexidx.*)
                0x0000000000009730                __exidx_end = .
                0x0000000000009730                __etext = .

.data           0x0000000020000000      0x110 load address 0x0000000000009730
                0x0000000020000000                __data_start__ = .
 *(vtable)
 *(.data*)
 .data          0x0000000020000000        0x4 /home/bryanmtdt/Documents/sloeber4.1/arduinoPlugin/packages/arduino/tools/arm-none-eabi-gcc/4.8.3-2014q1/bin/../lib/gcc/arm-none-eabi/4.8.3/armv6-m/crtbegin.o
                0x0000000020000000                __dso_handle
 .data.Button_PIN
                0x0000000020000004        0x4 ./.ino.cpp.o
                0x0000000020000004                Button_PIN
 .data.SystemCoreClock
                0x0000000020000008        0x4 /home/bryanmtdt/Documents/git/SelfieOverTable/Boton/Release/arduino.ar(wiring.c.o)
                0x0000000020000008                SystemCoreClock
 .data.EndPoints
                0x000000002000000c       0x28 /home/bryanmtdt/Documents/git/SelfieOverTable/Boton/Release/arduino.ar(USBCore.cpp.o)
                0x000000002000000c                EndPoints
 .data._ZL5ticks
                0x0000000020000034        0x4 /home/bryanmtdt/Documents/git/SelfieOverTable/Boton/Release/arduino.ar(Reset.cpp.o)
 .data._ZL12_usbLineInfo
                0x0000000020000038        0x8 /home/bryanmtdt/Documents/git/SelfieOverTable/Boton/Release/arduino.ar(CDC.cpp.o)
 .data._ZL10breakValue
                0x0000000020000040        0x4 /home/bryanmtdt/Documents/git/SelfieOverTable/Boton/Release/arduino.ar(CDC.cpp.o)
 .data._ZL13_cdcInterface
                0x0000000020000044       0x42 /home/bryanmtdt/Documents/git/SelfieOverTable/Boton/Release/arduino.ar(CDC.cpp.o)
 *fill*         0x0000000020000086        0x2 
 .data._serialPeek
                0x0000000020000088        0x4 /home/bryanmtdt/Documents/git/SelfieOverTable/Boton/Release/arduino.ar(CDC.cpp.o)
                0x0000000020000088                _serialPeek
 .data.impure_data
                0x000000002000008c       0x60 /home/bryanmtdt/Documents/sloeber4.1/arduinoPlugin/packages/arduino/tools/arm-none-eabi-gcc/4.8.3-2014q1/bin/../lib/gcc/arm-none-eabi/4.8.3/../../../../arm-none-eabi/lib/armv6-m/libc_s.a(lib_a-impure.o)
 .data._impure_ptr
                0x00000000200000ec        0x4 /home/bryanmtdt/Documents/sloeber4.1/arduinoPlugin/packages/arduino/tools/arm-none-eabi-gcc/4.8.3-2014q1/bin/../lib/gcc/arm-none-eabi/4.8.3/../../../../arm-none-eabi/lib/armv6-m/libc_s.a(lib_a-impure.o)
                0x00000000200000ec                _impure_ptr
                0x00000000200000f0                . = ALIGN (0x4)
                0x00000000200000f0                PROVIDE (__preinit_array_start, .)
 *(.preinit_array)
                0x00000000200000f0                PROVIDE (__preinit_array_end, .)
                0x00000000200000f0                . = ALIGN (0x4)
                0x00000000200000f0                PROVIDE (__init_array_start, .)
 *(SORT(.init_array.*))
 *(.init_array)
 .init_array    0x00000000200000f0        0x4 /home/bryanmtdt/Documents/sloeber4.1/arduinoPlugin/packages/arduino/tools/arm-none-eabi-gcc/4.8.3-2014q1/bin/../lib/gcc/arm-none-eabi/4.8.3/armv6-m/crtbegin.o
 .init_array    0x00000000200000f4        0x4 ./.ino.cpp.o
 .init_array    0x00000000200000f8        0x4 /home/bryanmtdt/Documents/git/SelfieOverTable/Boton/Release/arduino.ar(variant.cpp.o)
 .init_array    0x00000000200000fc        0x4 /home/bryanmtdt/Documents/git/SelfieOverTable/Boton/Release/arduino.ar(USBCore.cpp.o)
 .init_array    0x0000000020000100        0x4 /home/bryanmtdt/Documents/git/SelfieOverTable/Boton/Release/arduino.ar(CDC.cpp.o)
                0x0000000020000104                PROVIDE (__init_array_end, .)
                0x0000000020000104                . = ALIGN (0x4)
                0x0000000020000104                PROVIDE (__fini_array_start, .)
 *(SORT(.fini_array.*))
 *(.fini_array)
 .fini_array    0x0000000020000104        0x4 /home/bryanmtdt/Documents/sloeber4.1/arduinoPlugin/packages/arduino/tools/arm-none-eabi-gcc/4.8.3-2014q1/bin/../lib/gcc/arm-none-eabi/4.8.3/armv6-m/crtbegin.o
                0x0000000020000108                PROVIDE (__fini_array_end, .)
 *(.jcr*)
 .jcr           0x0000000020000108        0x0 /home/bryanmtdt/Documents/sloeber4.1/arduinoPlugin/packages/arduino/tools/arm-none-eabi-gcc/4.8.3-2014q1/bin/../lib/gcc/arm-none-eabi/4.8.3/armv6-m/crtbegin.o
 .jcr           0x0000000020000108        0x4 /home/bryanmtdt/Documents/sloeber4.1/arduinoPlugin/packages/arduino/tools/arm-none-eabi-gcc/4.8.3-2014q1/bin/../lib/gcc/arm-none-eabi/4.8.3/armv6-m/crtend.o
                0x0000000020000110                . = ALIGN (0x10)
 *fill*         0x000000002000010c        0x4 
                0x0000000020000110                __data_end__ = .

.igot.plt       0x0000000020000110        0x0 load address 0x0000000000009840
 .igot.plt      0x0000000000000000        0x0 /home/bryanmtdt/Documents/sloeber4.1/arduinoPlugin/packages/arduino/tools/arm-none-eabi-gcc/4.8.3-2014q1/bin/../lib/gcc/arm-none-eabi/4.8.3/armv6-m/crtbegin.o

.bss            0x0000000020000110      0xa30 load address 0x0000000000009840
                0x0000000020000110                . = ALIGN (0x4)
                0x0000000020000110                __bss_start__ = .
 *(.bss*)
 .bss           0x0000000020000110       0x1c /home/bryanmtdt/Documents/sloeber4.1/arduinoPlugin/packages/arduino/tools/arm-none-eabi-gcc/4.8.3-2014q1/bin/../lib/gcc/arm-none-eabi/4.8.3/armv6-m/crtbegin.o
 .bss.now       0x000000002000012c        0x4 ./.ino.cpp.o
                0x000000002000012c                now
 .bss.leds      0x0000000020000130      0x268 ./.ino.cpp.o
                0x0000000020000130                leds
 .bss.button    0x0000000020000398        0x4 ./.ino.cpp.o
                0x0000000020000398                button
 .bss.leds_state
                0x000000002000039c        0x4 ./.ino.cpp.o
                0x000000002000039c                leds_state
 .bss.Serial1   0x00000000200003a0       0xc4 /home/bryanmtdt/Documents/git/SelfieOverTable/Boton/Release/arduino.ar(variant.cpp.o)
                0x00000000200003a0                Serial1
 .bss.Serial5   0x0000000020000464       0xc4 /home/bryanmtdt/Documents/git/SelfieOverTable/Boton/Release/arduino.ar(variant.cpp.o)
                0x0000000020000464                Serial5
 .bss.sercom3   0x0000000020000528        0x4 /home/bryanmtdt/Documents/git/SelfieOverTable/Boton/Release/arduino.ar(variant.cpp.o)
                0x0000000020000528                sercom3
 .bss.sercom0   0x000000002000052c        0x4 /home/bryanmtdt/Documents/git/SelfieOverTable/Boton/Release/arduino.ar(variant.cpp.o)
                0x000000002000052c                sercom0
 .bss.sercom1   0x0000000020000530        0x4 /home/bryanmtdt/Documents/git/SelfieOverTable/Boton/Release/arduino.ar(variant.cpp.o)
                0x0000000020000530                sercom1
 .bss.sercom2   0x0000000020000534        0x4 /home/bryanmtdt/Documents/git/SelfieOverTable/Boton/Release/arduino.ar(variant.cpp.o)
                0x0000000020000534                sercom2
 .bss.sercom4   0x0000000020000538        0x4 /home/bryanmtdt/Documents/git/SelfieOverTable/Boton/Release/arduino.ar(variant.cpp.o)
                0x0000000020000538                sercom4
 .bss.sercom5   0x000000002000053c        0x4 /home/bryanmtdt/Documents/git/SelfieOverTable/Boton/Release/arduino.ar(variant.cpp.o)
                0x000000002000053c                sercom5
 .bss.usb_isr   0x0000000020000540        0x4 /home/bryanmtdt/Documents/git/SelfieOverTable/Boton/Release/arduino.ar(cortex_handlers.c.o)
 .bss._ulTickCount
                0x0000000020000544        0x4 /home/bryanmtdt/Documents/git/SelfieOverTable/Boton/Release/arduino.ar(delay.c.o)
 .bss._ZL14isEndpointHalt
                0x0000000020000548        0x1 /home/bryanmtdt/Documents/git/SelfieOverTable/Boton/Release/arduino.ar(USBCore.cpp.o)
 .bss._pack_buffer
                0x0000000020000549      0x100 /home/bryanmtdt/Documents/git/SelfieOverTable/Boton/Release/arduino.ar(USBCore.cpp.o)
                0x0000000020000549                _pack_buffer
 *fill*         0x0000000020000649        0x1 
 .bss._pack_size
                0x000000002000064a        0x2 /home/bryanmtdt/Documents/git/SelfieOverTable/Boton/Release/arduino.ar(USBCore.cpp.o)
                0x000000002000064a                _pack_size
 .bss._ZL20LastTransmitTimedOut
                0x000000002000064c        0x7 /home/bryanmtdt/Documents/git/SelfieOverTable/Boton/Release/arduino.ar(USBCore.cpp.o)
 *fill*         0x0000000020000653        0x1 
 .bss._ZL22udd_ep_in_cache_buffer
                0x0000000020000654      0x1c0 /home/bryanmtdt/Documents/git/SelfieOverTable/Boton/Release/arduino.ar(USBCore.cpp.o)
 .bss._ZL10txLEDPulse
                0x0000000020000814        0x1 /home/bryanmtdt/Documents/git/SelfieOverTable/Boton/Release/arduino.ar(USBCore.cpp.o)
 *fill*         0x0000000020000815        0x3 
 .bss._ZL23udd_ep_out_cache_buffer
                0x0000000020000818      0x1c0 /home/bryanmtdt/Documents/git/SelfieOverTable/Boton/Release/arduino.ar(USBCore.cpp.o)
 .bss._ZL10epHandlers
                0x00000000200009d8       0x1c /home/bryanmtdt/Documents/git/SelfieOverTable/Boton/Release/arduino.ar(USBCore.cpp.o)
 .bss._pack_message
                0x00000000200009f4        0x1 /home/bryanmtdt/Documents/git/SelfieOverTable/Boton/Release/arduino.ar(USBCore.cpp.o)
                0x00000000200009f4                _pack_message
 .bss._ZL21isRemoteWakeUpEnabled
                0x00000000200009f5        0x1 /home/bryanmtdt/Documents/git/SelfieOverTable/Boton/Release/arduino.ar(USBCore.cpp.o)
 .bss._dry_run  0x00000000200009f6        0x1 /home/bryanmtdt/Documents/git/SelfieOverTable/Boton/Release/arduino.ar(USBCore.cpp.o)
                0x00000000200009f6                _dry_run
 .bss.USBDevice
                0x00000000200009f7        0x1 /home/bryanmtdt/Documents/git/SelfieOverTable/Boton/Release/arduino.ar(USBCore.cpp.o)
                0x00000000200009f7                USBDevice
 .bss._usbSetInterface
                0x00000000200009f8        0x4 /home/bryanmtdt/Documents/git/SelfieOverTable/Boton/Release/arduino.ar(USBCore.cpp.o)
                0x00000000200009f8                _usbSetInterface
 .bss._ZL10rxLEDPulse
                0x00000000200009fc        0x1 /home/bryanmtdt/Documents/git/SelfieOverTable/Boton/Release/arduino.ar(USBCore.cpp.o)
 *fill*         0x00000000200009fd        0x3 
 .bss.usbd      0x0000000020000a00      0x104 /home/bryanmtdt/Documents/git/SelfieOverTable/Boton/Release/arduino.ar(USBCore.cpp.o)
                0x0000000020000a00                usbd
 .bss._usbConfiguration
                0x0000000020000b04        0x4 /home/bryanmtdt/Documents/git/SelfieOverTable/Boton/Release/arduino.ar(USBCore.cpp.o)
                0x0000000020000b04                _usbConfiguration
 .bss.Serial    0x0000000020000b08       0x1c /home/bryanmtdt/Documents/git/SelfieOverTable/Boton/Release/arduino.ar(CDC.cpp.o)
                0x0000000020000b08                Serial
 .bss._ZZ12PluggableUSBvE3obj
                0x0000000020000b24        0x8 /home/bryanmtdt/Documents/git/SelfieOverTable/Boton/Release/arduino.ar(PluggableUSB.cpp.o)
 .bss._ZGVZ12PluggableUSBvE3obj
                0x0000000020000b2c        0x4 /home/bryanmtdt/Documents/git/SelfieOverTable/Boton/Release/arduino.ar(PluggableUSB.cpp.o)
 .bss.__malloc_sbrk_start
                0x0000000020000b30        0x4 /home/bryanmtdt/Documents/sloeber4.1/arduinoPlugin/packages/arduino/tools/arm-none-eabi-gcc/4.8.3-2014q1/bin/../lib/gcc/arm-none-eabi/4.8.3/../../../../arm-none-eabi/lib/armv6-m/libc_s.a(lib_a-nano-mallocr.o)
                0x0000000020000b30                __malloc_sbrk_start
 .bss.__malloc_free_list
                0x0000000020000b34        0x4 /home/bryanmtdt/Documents/sloeber4.1/arduinoPlugin/packages/arduino/tools/arm-none-eabi-gcc/4.8.3-2014q1/bin/../lib/gcc/arm-none-eabi/4.8.3/../../../../arm-none-eabi/lib/armv6-m/libc_s.a(lib_a-nano-mallocr.o)
                0x0000000020000b34                __malloc_free_list
 .bss.heap_end.4243
                0x0000000020000b38        0x4 /home/bryanmtdt/Documents/sloeber4.1/arduinoPlugin/packages/arduino/tools/arm-none-eabi-gcc/4.8.3-2014q1/bin/../lib/gcc/arm-none-eabi/4.8.3/../../../../arm-none-eabi/lib/armv6-m/libnosys.a(sbrk.o)
 *(COMMON)
 COMMON         0x0000000020000b3c        0x4 /home/bryanmtdt/Documents/sloeber4.1/arduinoPlugin/packages/arduino/tools/arm-none-eabi-gcc/4.8.3-2014q1/bin/../lib/gcc/arm-none-eabi/4.8.3/../../../../arm-none-eabi/lib/armv6-m/libc_s.a(lib_a-reent.o)
                0x0000000020000b3c                errno
                0x0000000020000b40                . = ALIGN (0x4)
                0x0000000020000b40                __bss_end__ = .

.heap           0x0000000020000b40        0x0
                0x0000000020000b40                __end__ = .
                0x0000000020000b40                PROVIDE (end, .)
 *(.heap*)
                0x0000000020000b40                __HeapLimit = .

.stack_dummy    0x0000000020000b40        0x0
 *(.stack*)
                0x0000000020008000                __StackTop = (ORIGIN (RAM) + 0x8000)
                0x0000000020008000                __StackLimit = (__StackTop - SIZEOF (.stack_dummy))
                0x0000000020008000                PROVIDE (__stack, __StackTop)
                0x0000000020007fff                __ram_end__ = ((ORIGIN (RAM) + 0x8000) - 0x1)
                0x0000000000000001                ASSERT ((__StackLimit >= __HeapLimit), region RAM overflowed with stack)
OUTPUT(/home/bryanmtdt/Documents/git/SelfieOverTable/Boton/Release/SelfieOverTable_Button.elf elf32-littlearm)

.ARM.attributes
                0x0000000000000000       0x28
 .ARM.attributes
                0x0000000000000000       0x1e /home/bryanmtdt/Documents/sloeber4.1/arduinoPlugin/packages/arduino/tools/arm-none-eabi-gcc/4.8.3-2014q1/bin/../lib/gcc/arm-none-eabi/4.8.3/armv6-m/crti.o
 .ARM.attributes
                0x000000000000001e       0x2c /home/bryanmtdt/Documents/sloeber4.1/arduinoPlugin/packages/arduino/tools/arm-none-eabi-gcc/4.8.3-2014q1/bin/../lib/gcc/arm-none-eabi/4.8.3/armv6-m/crtbegin.o
 .ARM.attributes
                0x000000000000004a       0x32 ./.ino.cpp.o
 .ARM.attributes
                0x000000000000007c       0x32 ./libraries/WS2812FX/WS2812FX.cpp.o
 .ARM.attributes
                0x00000000000000ae       0x32 ./libraries/Adafruit_NeoPixel/Adafruit_NeoPixel.cpp.o
 .ARM.attributes
                0x00000000000000e0       0x32 /home/bryanmtdt/Documents/git/SelfieOverTable/Boton/Release/arduino.ar(variant.cpp.o)
 .ARM.attributes
                0x0000000000000112       0x32 /home/bryanmtdt/Documents/git/SelfieOverTable/Boton/Release/arduino.ar(SERCOM.cpp.o)
 .ARM.attributes
                0x0000000000000144       0x32 /home/bryanmtdt/Documents/git/SelfieOverTable/Boton/Release/arduino.ar(Uart.cpp.o)
 .ARM.attributes
                0x0000000000000176       0x32 /home/bryanmtdt/Documents/git/SelfieOverTable/Boton/Release/arduino.ar(WMath.cpp.o)
 .ARM.attributes
                0x00000000000001a8       0x32 /home/bryanmtdt/Documents/git/SelfieOverTable/Boton/Release/arduino.ar(cortex_handlers.c.o)
 .ARM.attributes
                0x00000000000001da       0x32 /home/bryanmtdt/Documents/git/SelfieOverTable/Boton/Release/arduino.ar(delay.c.o)
 .ARM.attributes
                0x000000000000020c       0x32 /home/bryanmtdt/Documents/git/SelfieOverTable/Boton/Release/arduino.ar(hooks.c.o)
 .ARM.attributes
                0x000000000000023e       0x32 /home/bryanmtdt/Documents/git/SelfieOverTable/Boton/Release/arduino.ar(main.cpp.o)
 .ARM.attributes
                0x0000000000000270       0x32 /home/bryanmtdt/Documents/git/SelfieOverTable/Boton/Release/arduino.ar(startup.c.o)
 .ARM.attributes
                0x00000000000002a2       0x32 /home/bryanmtdt/Documents/git/SelfieOverTable/Boton/Release/arduino.ar(wiring.c.o)
 .ARM.attributes
                0x00000000000002d4       0x32 /home/bryanmtdt/Documents/git/SelfieOverTable/Boton/Release/arduino.ar(wiring_analog.c.o)
 .ARM.attributes
                0x0000000000000306       0x32 /home/bryanmtdt/Documents/git/SelfieOverTable/Boton/Release/arduino.ar(wiring_digital.c.o)
 .ARM.attributes
                0x0000000000000338       0x32 /home/bryanmtdt/Documents/git/SelfieOverTable/Boton/Release/arduino.ar(wiring_private.c.o)
 .ARM.attributes
                0x000000000000036a       0x32 /home/bryanmtdt/Documents/git/SelfieOverTable/Boton/Release/arduino.ar(USBCore.cpp.o)
 .ARM.attributes
                0x000000000000039c       0x32 /home/bryanmtdt/Documents/git/SelfieOverTable/Boton/Release/arduino.ar(Print.cpp.o)
 .ARM.attributes
                0x00000000000003ce       0x32 /home/bryanmtdt/Documents/git/SelfieOverTable/Boton/Release/arduino.ar(Reset.cpp.o)
 .ARM.attributes
                0x0000000000000400       0x32 /home/bryanmtdt/Documents/git/SelfieOverTable/Boton/Release/arduino.ar(RingBuffer.cpp.o)
 .ARM.attributes
                0x0000000000000432       0x32 /home/bryanmtdt/Documents/git/SelfieOverTable/Boton/Release/arduino.ar(new.cpp.o)
 .ARM.attributes
                0x0000000000000464       0x32 /home/bryanmtdt/Documents/git/SelfieOverTable/Boton/Release/arduino.ar(CDC.cpp.o)
 .ARM.attributes
                0x0000000000000496       0x32 /home/bryanmtdt/Documents/git/SelfieOverTable/Boton/Release/arduino.ar(PluggableUSB.cpp.o)
 .ARM.attributes
                0x00000000000004c8       0x2c /home/bryanmtdt/Documents/sloeber4.1/arduinoPlugin/packages/arduino/tools/arm-none-eabi-gcc/4.8.3-2014q1/bin/../lib/gcc/arm-none-eabi/4.8.3/../../../../arm-none-eabi/lib/armv6-m/libm.a(lib_a-s_sin.o)
 .ARM.attributes
                0x00000000000004f4       0x2c /home/bryanmtdt/Documents/sloeber4.1/arduinoPlugin/packages/arduino/tools/arm-none-eabi-gcc/4.8.3-2014q1/bin/../lib/gcc/arm-none-eabi/4.8.3/../../../../arm-none-eabi/lib/armv6-m/libm.a(lib_a-e_rem_pio2.o)
 .ARM.attributes
                0x0000000000000520       0x2c /home/bryanmtdt/Documents/sloeber4.1/arduinoPlugin/packages/arduino/tools/arm-none-eabi-gcc/4.8.3-2014q1/bin/../lib/gcc/arm-none-eabi/4.8.3/../../../../arm-none-eabi/lib/armv6-m/libm.a(lib_a-k_cos.o)
 .ARM.attributes
                0x000000000000054c       0x2c /home/bryanmtdt/Documents/sloeber4.1/arduinoPlugin/packages/arduino/tools/arm-none-eabi-gcc/4.8.3-2014q1/bin/../lib/gcc/arm-none-eabi/4.8.3/../../../../arm-none-eabi/lib/armv6-m/libm.a(lib_a-k_rem_pio2.o)
 .ARM.attributes
                0x0000000000000578       0x2c /home/bryanmtdt/Documents/sloeber4.1/arduinoPlugin/packages/arduino/tools/arm-none-eabi-gcc/4.8.3-2014q1/bin/../lib/gcc/arm-none-eabi/4.8.3/../../../../arm-none-eabi/lib/armv6-m/libm.a(lib_a-k_sin.o)
 .ARM.attributes
                0x00000000000005a4       0x2c /home/bryanmtdt/Documents/sloeber4.1/arduinoPlugin/packages/arduino/tools/arm-none-eabi-gcc/4.8.3-2014q1/bin/../lib/gcc/arm-none-eabi/4.8.3/../../../../arm-none-eabi/lib/armv6-m/libm.a(lib_a-s_fabs.o)
 .ARM.attributes
                0x00000000000005d0       0x2c /home/bryanmtdt/Documents/sloeber4.1/arduinoPlugin/packages/arduino/tools/arm-none-eabi-gcc/4.8.3-2014q1/bin/../lib/gcc/arm-none-eabi/4.8.3/../../../../arm-none-eabi/lib/armv6-m/libm.a(lib_a-s_floor.o)
 .ARM.attributes
                0x00000000000005fc       0x2c /home/bryanmtdt/Documents/sloeber4.1/arduinoPlugin/packages/arduino/tools/arm-none-eabi-gcc/4.8.3-2014q1/bin/../lib/gcc/arm-none-eabi/4.8.3/../../../../arm-none-eabi/lib/armv6-m/libm.a(lib_a-s_scalbn.o)
 .ARM.attributes
                0x0000000000000628       0x2c /home/bryanmtdt/Documents/sloeber4.1/arduinoPlugin/packages/arduino/tools/arm-none-eabi-gcc/4.8.3-2014q1/bin/../lib/gcc/arm-none-eabi/4.8.3/../../../../arm-none-eabi/lib/armv6-m/libm.a(lib_a-s_copysign.o)
 .ARM.attributes
                0x0000000000000654       0x1e /home/bryanmtdt/Documents/sloeber4.1/arduinoPlugin/packages/arduino/tools/arm-none-eabi-gcc/4.8.3-2014q1/bin/../lib/gcc/arm-none-eabi/4.8.3/armv6-m/libgcc.a(_thumb1_case_uqi.o)
 .ARM.attributes
                0x0000000000000672       0x1e /home/bryanmtdt/Documents/sloeber4.1/arduinoPlugin/packages/arduino/tools/arm-none-eabi-gcc/4.8.3-2014q1/bin/../lib/gcc/arm-none-eabi/4.8.3/armv6-m/libgcc.a(_udivsi3.o)
 .ARM.attributes
                0x0000000000000690       0x1e /home/bryanmtdt/Documents/sloeber4.1/arduinoPlugin/packages/arduino/tools/arm-none-eabi-gcc/4.8.3-2014q1/bin/../lib/gcc/arm-none-eabi/4.8.3/armv6-m/libgcc.a(_divsi3.o)
 .ARM.attributes
                0x00000000000006ae       0x1e /home/bryanmtdt/Documents/sloeber4.1/arduinoPlugin/packages/arduino/tools/arm-none-eabi-gcc/4.8.3-2014q1/bin/../lib/gcc/arm-none-eabi/4.8.3/armv6-m/libgcc.a(_dvmd_tls.o)
 .ARM.attributes
                0x00000000000006cc       0x1e /home/bryanmtdt/Documents/sloeber4.1/arduinoPlugin/packages/arduino/tools/arm-none-eabi-gcc/4.8.3-2014q1/bin/../lib/gcc/arm-none-eabi/4.8.3/armv6-m/libgcc.a(_arm_cmpdf2.o)
 .ARM.attributes
                0x00000000000006ea       0x2c /home/bryanmtdt/Documents/sloeber4.1/arduinoPlugin/packages/arduino/tools/arm-none-eabi-gcc/4.8.3-2014q1/bin/../lib/gcc/arm-none-eabi/4.8.3/armv6-m/libgcc.a(adddf3.o)
 .ARM.attributes
                0x0000000000000716       0x2c /home/bryanmtdt/Documents/sloeber4.1/arduinoPlugin/packages/arduino/tools/arm-none-eabi-gcc/4.8.3-2014q1/bin/../lib/gcc/arm-none-eabi/4.8.3/armv6-m/libgcc.a(eqdf2.o)
 .ARM.attributes
                0x0000000000000742       0x2c /home/bryanmtdt/Documents/sloeber4.1/arduinoPlugin/packages/arduino/tools/arm-none-eabi-gcc/4.8.3-2014q1/bin/../lib/gcc/arm-none-eabi/4.8.3/armv6-m/libgcc.a(gedf2.o)
 .ARM.attributes
                0x000000000000076e       0x2c /home/bryanmtdt/Documents/sloeber4.1/arduinoPlugin/packages/arduino/tools/arm-none-eabi-gcc/4.8.3-2014q1/bin/../lib/gcc/arm-none-eabi/4.8.3/armv6-m/libgcc.a(ledf2.o)
 .ARM.attributes
                0x000000000000079a       0x2c /home/bryanmtdt/Documents/sloeber4.1/arduinoPlugin/packages/arduino/tools/arm-none-eabi-gcc/4.8.3-2014q1/bin/../lib/gcc/arm-none-eabi/4.8.3/armv6-m/libgcc.a(muldf3.o)
 .ARM.attributes
                0x00000000000007c6       0x2c /home/bryanmtdt/Documents/sloeber4.1/arduinoPlugin/packages/arduino/tools/arm-none-eabi-gcc/4.8.3-2014q1/bin/../lib/gcc/arm-none-eabi/4.8.3/armv6-m/libgcc.a(subdf3.o)
 .ARM.attributes
                0x00000000000007f2       0x2c /home/bryanmtdt/Documents/sloeber4.1/arduinoPlugin/packages/arduino/tools/arm-none-eabi-gcc/4.8.3-2014q1/bin/../lib/gcc/arm-none-eabi/4.8.3/armv6-m/libgcc.a(fixdfsi.o)
 .ARM.attributes
                0x000000000000081e       0x2c /home/bryanmtdt/Documents/sloeber4.1/arduinoPlugin/packages/arduino/tools/arm-none-eabi-gcc/4.8.3-2014q1/bin/../lib/gcc/arm-none-eabi/4.8.3/armv6-m/libgcc.a(floatsidf.o)
 .ARM.attributes
                0x000000000000084a       0x2c /home/bryanmtdt/Documents/sloeber4.1/arduinoPlugin/packages/arduino/tools/arm-none-eabi-gcc/4.8.3-2014q1/bin/../lib/gcc/arm-none-eabi/4.8.3/armv6-m/libgcc.a(floatunsidf.o)
 .ARM.attributes
                0x0000000000000876       0x1e /home/bryanmtdt/Documents/sloeber4.1/arduinoPlugin/packages/arduino/tools/arm-none-eabi-gcc/4.8.3-2014q1/bin/../lib/gcc/arm-none-eabi/4.8.3/armv6-m/libgcc.a(_clzsi2.o)
 .ARM.attributes
                0x0000000000000894       0x2c /home/bryanmtdt/Documents/sloeber4.1/arduinoPlugin/packages/arduino/tools/arm-none-eabi-gcc/4.8.3-2014q1/bin/../lib/gcc/arm-none-eabi/4.8.3/../../../../arm-none-eabi/lib/armv6-m/libc_s.a(lib_a-aeabi_atexit.o)
 .ARM.attributes
                0x00000000000008c0       0x2c /home/bryanmtdt/Documents/sloeber4.1/arduinoPlugin/packages/arduino/tools/arm-none-eabi-gcc/4.8.3-2014q1/bin/../lib/gcc/arm-none-eabi/4.8.3/../../../../arm-none-eabi/lib/armv6-m/libc_s.a(lib_a-cxa_atexit.o)
 .ARM.attributes
                0x00000000000008ec       0x2c /home/bryanmtdt/Documents/sloeber4.1/arduinoPlugin/packages/arduino/tools/arm-none-eabi-gcc/4.8.3-2014q1/bin/../lib/gcc/arm-none-eabi/4.8.3/../../../../arm-none-eabi/lib/armv6-m/libc_s.a(lib_a-impure.o)
 .ARM.attributes
                0x0000000000000918       0x2c /home/bryanmtdt/Documents/sloeber4.1/arduinoPlugin/packages/arduino/tools/arm-none-eabi-gcc/4.8.3-2014q1/bin/../lib/gcc/arm-none-eabi/4.8.3/../../../../arm-none-eabi/lib/armv6-m/libc_s.a(lib_a-init.o)
 .ARM.attributes
                0x0000000000000944       0x2c /home/bryanmtdt/Documents/sloeber4.1/arduinoPlugin/packages/arduino/tools/arm-none-eabi-gcc/4.8.3-2014q1/bin/../lib/gcc/arm-none-eabi/4.8.3/../../../../arm-none-eabi/lib/armv6-m/libc_s.a(lib_a-malloc.o)
 .ARM.attributes
                0x0000000000000970       0x2c /home/bryanmtdt/Documents/sloeber4.1/arduinoPlugin/packages/arduino/tools/arm-none-eabi-gcc/4.8.3-2014q1/bin/../lib/gcc/arm-none-eabi/4.8.3/../../../../arm-none-eabi/lib/armv6-m/libc_s.a(lib_a-memcpy-stub.o)
 .ARM.attributes
                0x000000000000099c       0x2c /home/bryanmtdt/Documents/sloeber4.1/arduinoPlugin/packages/arduino/tools/arm-none-eabi-gcc/4.8.3-2014q1/bin/../lib/gcc/arm-none-eabi/4.8.3/../../../../arm-none-eabi/lib/armv6-m/libc_s.a(lib_a-memset.o)
 .ARM.attributes
                0x00000000000009c8       0x2c /home/bryanmtdt/Documents/sloeber4.1/arduinoPlugin/packages/arduino/tools/arm-none-eabi-gcc/4.8.3-2014q1/bin/../lib/gcc/arm-none-eabi/4.8.3/../../../../arm-none-eabi/lib/armv6-m/libc_s.a(lib_a-nano-freer.o)
 .ARM.attributes
                0x00000000000009f4       0x2c /home/bryanmtdt/Documents/sloeber4.1/arduinoPlugin/packages/arduino/tools/arm-none-eabi-gcc/4.8.3-2014q1/bin/../lib/gcc/arm-none-eabi/4.8.3/../../../../arm-none-eabi/lib/armv6-m/libc_s.a(lib_a-nano-mallocr.o)
 .ARM.attributes
                0x0000000000000a20       0x2c /home/bryanmtdt/Documents/sloeber4.1/arduinoPlugin/packages/arduino/tools/arm-none-eabi-gcc/4.8.3-2014q1/bin/../lib/gcc/arm-none-eabi/4.8.3/../../../../arm-none-eabi/lib/armv6-m/libc_s.a(lib_a-rand.o)
 .ARM.attributes